RLSTM8 LINKER/LOCATOR V2.42.12.083

INVOKED BY:
C:\Raisonance\Ride\Bin\RLSTM8.EXE -CP 
C:\USERS\SRAVI\DOWNLOADS\E1M2_0036\E1M2_0036\MAIN_APP\BIN\STM8S_UART1.OBJ,C:\USERS\SRAVI\DOWNLOADS\E1M2_0036\E1M2_0036\MAIN_APP\BIN\MAIN.OBJ,C:\USERS\SRAVI\DOWNLOADS\E1M2_0036\E1M2_0036\MAIN_APP\BIN\STM8S_CAN.OBJ,C:\USERS\SRAVI\DOWNLOADS\E1M2_0036\E1M2_0036\MAIN_APP\BIN\STM8S_CLK.OBJ,C:\USERS\SRAVI\DOWNLOADS\E1M2_0036\E1M2_0036\MAIN_APP\BIN\STM8S_EOL.OBJ,C:\USERS\SRAVI\DOWNLOADS\E1M2_0036\E1M2_0036\MAIN_APP\BIN\STM8S_EXTI.OBJ,C:\USERS\SRAVI\DOWNLOADS\E1M2_0036\E1M2_0036\MAIN_APP\BIN\STM8S_FLASH.OBJ,C:\USERS\SRAVI\DOWNLOADS\E1M2_0036\E1M2_0036\MAIN_APP\BIN\STM8S_GPIO.OBJ,C:\USERS\SRAVI\DOWNLOADS\E1M2_0036\E1M2_0036\MAIN_APP\BIN\STM8S_IT.OBJ,C:\USERS\SRAVI\DOWNLOADS\E1M2_0036\E1M2_0036\MAIN_APP\BIN\STM8S_KLINE.OBJ,C:\USERS\SRAVI\DOWNLOADS\E1M2_0036\E1M2_0036\MAIN_APP\BIN\STM8S_TIM4.OBJ 
TO(C:\USERS\SRAVI\DOWNLOADS\E1M2_0036\E1M2_0036\MAIN_APP\BIN\E1M2_0036.AOF) 
LIBPATH(C:\RAISONANCE\RIDE\LIB\ST7) 
PR(C:\USERS\SRAVI\DOWNLOADS\E1M2_0036\E1M2_0036\MAIN_APP\LST\E1M2_0036.MAP) 
SCINAME(STM8) GENERATEDEPFILE CODESIZE(0X20000) CODESTART(0X8000) 
RAMSIZE(0X1800) DATASTART(0X0000) EEPROMSTART(0X4000) EEPROMSIZE(0X800) 
STACKSIZE(0X400) STACKTOP(6144) REMOVEUNCALLED IX CODE(0X8080) 
 WITHOUT ANY FLOATING POINT ARITHMETIC


INPUT MODULES INCLUDED
  C:\USERS\SRAVI\DOWNLOADS\E1M2_0036\E1M2_0036\MAIN_APP\BIN\STM8S_UART1.OBJ(STM8S_UART1)
  C:\USERS\SRAVI\DOWNLOADS\E1M2_0036\E1M2_0036\MAIN_APP\BIN\MAIN.OBJ(MAIN)
  C:\USERS\SRAVI\DOWNLOADS\E1M2_0036\E1M2_0036\MAIN_APP\BIN\STM8S_CAN.OBJ(STM8S_CAN)
  C:\USERS\SRAVI\DOWNLOADS\E1M2_0036\E1M2_0036\MAIN_APP\BIN\STM8S_CLK.OBJ(STM8S_CLK)
  C:\USERS\SRAVI\DOWNLOADS\E1M2_0036\E1M2_0036\MAIN_APP\BIN\STM8S_EOL.OBJ(STM8S_EOL)
  C:\USERS\SRAVI\DOWNLOADS\E1M2_0036\E1M2_0036\MAIN_APP\BIN\STM8S_EXTI.OBJ(STM8S_EXTI)
  C:\USERS\SRAVI\DOWNLOADS\E1M2_0036\E1M2_0036\MAIN_APP\BIN\STM8S_FLASH.OBJ(STM8S_FLASH)
  C:\USERS\SRAVI\DOWNLOADS\E1M2_0036\E1M2_0036\MAIN_APP\BIN\STM8S_GPIO.OBJ(STM8S_GPIO)
  C:\USERS\SRAVI\DOWNLOADS\E1M2_0036\E1M2_0036\MAIN_APP\BIN\STM8S_IT.OBJ(STM8S_IT)
  C:\USERS\SRAVI\DOWNLOADS\E1M2_0036\E1M2_0036\MAIN_APP\BIN\STM8S_KLINE.OBJ(STM8S_KLINE)
  C:\USERS\SRAVI\DOWNLOADS\E1M2_0036\E1M2_0036\MAIN_APP\BIN\STM8S_TIM4.OBJ(STM8S_TIM4)
  C:\RAISONANCE\RIDE\LIB\ST7\RCSTM8.LIB(CHARTOL)
  C:\RAISONANCE\RIDE\LIB\ST7\RCSTM8.LIB(INTTOL)
  C:\RAISONANCE\RIDE\LIB\ST7\RCSTM8.LIB(ACCIX328)
  C:\RAISONANCE\RIDE\LIB\ST7\RCSTM8.LIB(ADD3232)
  C:\RAISONANCE\RIDE\LIB\ST7\RCSTM8.LIB(AND3232)
  C:\RAISONANCE\RIDE\LIB\ST7\RCSTM8.LIB(DIVU3232)
  C:\RAISONANCE\RIDE\LIB\ST7\RCSTM8.LIB(MULUIX32)
  C:\RAISONANCE\RIDE\LIB\ST7\RCSTM8.LIB(ADDIX32)
  C:\RAISONANCE\RIDE\LIB\ST7\RCSTM8.LIB(IX32)
  C:\RAISONANCE\RIDE\LIB\ST7\RCSTM8.LIB(MULU3232)
  C:\RAISONANCE\RIDE\LIB\ST7\RCSTM8.LIB(MV4_BC2ISA)
  C:\RAISONANCE\RIDE\LIB\ST7\RCSTM8.LIB(MV4_BC2IX)
  C:\RAISONANCE\RIDE\LIB\ST7\RCSTM8.LIB(MV4_BC2SK)
  C:\RAISONANCE\RIDE\LIB\ST7\RCSTM8.LIB(MV4_ISA2BC)
  C:\RAISONANCE\RIDE\LIB\ST7\RCSTM8.LIB(MV4_IX2BC)
  C:\RAISONANCE\RIDE\LIB\ST7\RCSTM8.LIB(MV4_IX2SK)
  C:\RAISONANCE\RIDE\LIB\ST7\RCSTM8.LIB(MV4_NULL2BC)
  C:\RAISONANCE\RIDE\LIB\ST7\RCSTM8.LIB(MV4_PG2BC)
  C:\RAISONANCE\RIDE\LIB\ST7\RCSTM8.LIB(MV4_PG2IX)
  C:\RAISONANCE\RIDE\LIB\ST7\RCSTM8.LIB(MV4_PG2SK1)
  C:\RAISONANCE\RIDE\LIB\ST7\RCSTM8.LIB(OR3232)
  C:\RAISONANCE\RIDE\LIB\ST7\RCSTM8.LIB(SLL168)
  C:\RAISONANCE\RIDE\LIB\ST7\RCSTM8.LIB(SLL328)
  C:\RAISONANCE\RIDE\LIB\ST7\RCSTM8.LIB(SUB3232)
  C:\RAISONANCE\RIDE\LIB\ST7\RCSTM8.LIB(SRL328)
  C:\RAISONANCE\RIDE\LIB\ST7\RCSTM8.LIB(CPU3232IX)
  C:\RAISONANCE\RIDE\LIB\ST7\RCSTM8.LIB(_MEMCPY)
  C:\RAISONANCE\RIDE\LIB\ST7\RCSTM8.LIB(REGISTERS)
  C:\RAISONANCE\RIDE\LIB\ST7\RCSTM8.LIB(STARTUP_V_Z)
  C:\RAISONANCE\RIDE\LIB\ST7\RCSTM8.LIB(MULUDIVU3232)
  C:\RAISONANCE\RIDE\LIB\ST7\RCSTM8.LIB(?STATINIT)

REMOVED UNCALLED SEGMENTS:
--------------------------
    ?PR??CAN_CANCELTRANSMIT?STM8S_CAN: Function ?CAN_CANCELTRANSMIT in file C:\USERS\SRAVI\DOWNLOADS\E1M2_0036\E1M2_0036\MAIN_APP\BIN\STM8S_CAN.OBJ was not called
    ?PR??CAN_CLEARFLAG?STM8S_CAN: Function ?CAN_CLEARFLAG in file C:\USERS\SRAVI\DOWNLOADS\E1M2_0036\E1M2_0036\MAIN_APP\BIN\STM8S_CAN.OBJ was not called
    ?PR??CAN_CLEARITPENDINGBIT?STM8S_CAN: Function ?CAN_CLEARITPENDINGBIT in file C:\USERS\SRAVI\DOWNLOADS\E1M2_0036\E1M2_0036\MAIN_APP\BIN\STM8S_CAN.OBJ was not called
    ?PR??CAN_GETFLAGSTATUS?STM8S_CAN: Function ?CAN_GETFLAGSTATUS in file C:\USERS\SRAVI\DOWNLOADS\E1M2_0036\E1M2_0036\MAIN_APP\BIN\STM8S_CAN.OBJ was not called
    ?PR??CAN_GETITSTATUS?STM8S_CAN: Function ?CAN_GETITSTATUS in file C:\USERS\SRAVI\DOWNLOADS\E1M2_0036\E1M2_0036\MAIN_APP\BIN\STM8S_CAN.OBJ was not called
    ?PR??CAN_GETLASTERRORCODE?STM8S_CAN: Function ?CAN_GETLASTERRORCODE in file C:\USERS\SRAVI\DOWNLOADS\E1M2_0036\E1M2_0036\MAIN_APP\BIN\STM8S_CAN.OBJ was not called
    ?PR??CAN_GETMESSAGETIMESTAMP?STM8S_CAN: Function ?CAN_GETMESSAGETIMESTAMP in file C:\USERS\SRAVI\DOWNLOADS\E1M2_0036\E1M2_0036\MAIN_APP\BIN\STM8S_CAN.OBJ was not called
    ?PR??CAN_GETRECEIVEDDATA?STM8S_CAN: Function ?CAN_GETRECEIVEDDATA in file C:\USERS\SRAVI\DOWNLOADS\E1M2_0036\E1M2_0036\MAIN_APP\BIN\STM8S_CAN.OBJ was not called
    ?PR??CAN_GETRECEIVEDDLC?STM8S_CAN: Function ?CAN_GETRECEIVEDDLC in file C:\USERS\SRAVI\DOWNLOADS\E1M2_0036\E1M2_0036\MAIN_APP\BIN\STM8S_CAN.OBJ was not called
    ?PR??CAN_GETRECEIVEDFMI?STM8S_CAN: Function ?CAN_GETRECEIVEDFMI in file C:\USERS\SRAVI\DOWNLOADS\E1M2_0036\E1M2_0036\MAIN_APP\BIN\STM8S_CAN.OBJ was not called
    ?PR??CAN_GETRECEIVEDID?STM8S_CAN: Function ?CAN_GETRECEIVEDID in file C:\USERS\SRAVI\DOWNLOADS\E1M2_0036\E1M2_0036\MAIN_APP\BIN\STM8S_CAN.OBJ was not called
    ?PR??CAN_GETRECEIVEDIDE?STM8S_CAN: Function ?CAN_GETRECEIVEDIDE in file C:\USERS\SRAVI\DOWNLOADS\E1M2_0036\E1M2_0036\MAIN_APP\BIN\STM8S_CAN.OBJ was not called
    ?PR??CAN_GETRECEIVEDRTR?STM8S_CAN: Function ?CAN_GETRECEIVEDRTR in file C:\USERS\SRAVI\DOWNLOADS\E1M2_0036\E1M2_0036\MAIN_APP\BIN\STM8S_CAN.OBJ was not called
    ?PR??CAN_MESSAGEPENDING?STM8S_CAN: Function ?CAN_MESSAGEPENDING in file C:\USERS\SRAVI\DOWNLOADS\E1M2_0036\E1M2_0036\MAIN_APP\BIN\STM8S_CAN.OBJ was not called
    ?PR??CAN_SLEEP?STM8S_CAN: Function ?CAN_SLEEP in file C:\USERS\SRAVI\DOWNLOADS\E1M2_0036\E1M2_0036\MAIN_APP\BIN\STM8S_CAN.OBJ was not called
    ?PR??CAN_ST7COMPATIBILITYCMD?STM8S_CAN: Function ?CAN_ST7COMPATIBILITYCMD in file C:\USERS\SRAVI\DOWNLOADS\E1M2_0036\E1M2_0036\MAIN_APP\BIN\STM8S_CAN.OBJ was not called
    ?PR??CAN_TTCOMMODECMD?STM8S_CAN: Function ?CAN_TTCOMMODECMD in file C:\USERS\SRAVI\DOWNLOADS\E1M2_0036\E1M2_0036\MAIN_APP\BIN\STM8S_CAN.OBJ was not called
    ?PR??CAN_WAKEUP?STM8S_CAN: Function ?CAN_WAKEUP in file C:\USERS\SRAVI\DOWNLOADS\E1M2_0036\E1M2_0036\MAIN_APP\BIN\STM8S_CAN.OBJ was not called
    ?PR??CHECKITSTATUS?STM8S_CAN?S?STM8S_CAN: Function ?CHECKITSTATUS in file C:\USERS\SRAVI\DOWNLOADS\E1M2_0036\E1M2_0036\MAIN_APP\BIN\STM8S_CAN.OBJ was not called
    ?PR??CLK_ADJUSTHSICALIBRATIONVALUE?STM8S_CLK: Function ?CLK_ADJUSTHSICALIBRATIONVALUE in file C:\USERS\SRAVI\DOWNLOADS\E1M2_0036\E1M2_0036\MAIN_APP\BIN\STM8S_CLK.OBJ was not called
    ?PR??CLK_CCOCMD?STM8S_CLK: Function ?CLK_CCOCMD in file C:\USERS\SRAVI\DOWNLOADS\E1M2_0036\E1M2_0036\MAIN_APP\BIN\STM8S_CLK.OBJ was not called
    ?PR??CLK_CCOCONFIG?STM8S_CLK: Function ?CLK_CCOCONFIG in file C:\USERS\SRAVI\DOWNLOADS\E1M2_0036\E1M2_0036\MAIN_APP\BIN\STM8S_CLK.OBJ was not called
    ?PR??CLK_CLEARITPENDINGBIT?STM8S_CLK: Function ?CLK_CLEARITPENDINGBIT in file C:\USERS\SRAVI\DOWNLOADS\E1M2_0036\E1M2_0036\MAIN_APP\BIN\STM8S_CLK.OBJ was not called
    ?PR??CLK_CLOCKSECURITYSYSTEMENABLE?STM8S_CLK: Function ?CLK_CLOCKSECURITYSYSTEMENABLE in file C:\USERS\SRAVI\DOWNLOADS\E1M2_0036\E1M2_0036\MAIN_APP\BIN\STM8S_CLK.OBJ was not called
    ?PR??CLK_CLOCKSWITCHCMD?STM8S_CLK: Function ?CLK_CLOCKSWITCHCMD in file C:\USERS\SRAVI\DOWNLOADS\E1M2_0036\E1M2_0036\MAIN_APP\BIN\STM8S_CLK.OBJ was not called
    ?PR??CLK_CLOCKSWITCHCONFIG?STM8S_CLK: Function ?CLK_CLOCKSWITCHCONFIG in file C:\USERS\SRAVI\DOWNLOADS\E1M2_0036\E1M2_0036\MAIN_APP\BIN\STM8S_CLK.OBJ was not called
    ?PR??CLK_DEINIT?STM8S_CLK: Function ?CLK_DEINIT in file C:\USERS\SRAVI\DOWNLOADS\E1M2_0036\E1M2_0036\MAIN_APP\BIN\STM8S_CLK.OBJ was not called
    ?PR??CLK_FASTHALTWAKEUPCMD?STM8S_CLK: Function ?CLK_FASTHALTWAKEUPCMD in file C:\USERS\SRAVI\DOWNLOADS\E1M2_0036\E1M2_0036\MAIN_APP\BIN\STM8S_CLK.OBJ was not called
    ?PR??CLK_GETCLOCKFREQ?STM8S_CLK: Function ?CLK_GETCLOCKFREQ in file C:\USERS\SRAVI\DOWNLOADS\E1M2_0036\E1M2_0036\MAIN_APP\BIN\STM8S_CLK.OBJ was not called
    ?PR??CLK_GETFLAGSTATUS?STM8S_CLK: Function ?CLK_GETFLAGSTATUS in file C:\USERS\SRAVI\DOWNLOADS\E1M2_0036\E1M2_0036\MAIN_APP\BIN\STM8S_CLK.OBJ was not called
    ?PR??CLK_GETITSTATUS?STM8S_CLK: Function ?CLK_GETITSTATUS in file C:\USERS\SRAVI\DOWNLOADS\E1M2_0036\E1M2_0036\MAIN_APP\BIN\STM8S_CLK.OBJ was not called
    ?PR??CLK_GETSYSCLKSOURCE?STM8S_CLK: Function ?CLK_GETSYSCLKSOURCE in file C:\USERS\SRAVI\DOWNLOADS\E1M2_0036\E1M2_0036\MAIN_APP\BIN\STM8S_CLK.OBJ was not called
    ?PR??CLK_HSECMD?STM8S_CLK: Function ?CLK_HSECMD in file C:\USERS\SRAVI\DOWNLOADS\E1M2_0036\E1M2_0036\MAIN_APP\BIN\STM8S_CLK.OBJ was not called
    ?PR??CLK_HSICMD?STM8S_CLK: Function ?CLK_HSICMD in file C:\USERS\SRAVI\DOWNLOADS\E1M2_0036\E1M2_0036\MAIN_APP\BIN\STM8S_CLK.OBJ was not called
    ?PR??CLK_ITCONFIG?STM8S_CLK: Function ?CLK_ITCONFIG in file C:\USERS\SRAVI\DOWNLOADS\E1M2_0036\E1M2_0036\MAIN_APP\BIN\STM8S_CLK.OBJ was not called
    ?PR??CLK_LSICMD?STM8S_CLK: Function ?CLK_LSICMD in file C:\USERS\SRAVI\DOWNLOADS\E1M2_0036\E1M2_0036\MAIN_APP\BIN\STM8S_CLK.OBJ was not called
    ?PR??CLK_PERIPHERALCLOCKCONFIG?STM8S_CLK: Function ?CLK_PERIPHERALCLOCKCONFIG in file C:\USERS\SRAVI\DOWNLOADS\E1M2_0036\E1M2_0036\MAIN_APP\BIN\STM8S_CLK.OBJ was not called
    ?PR??CLK_SLOWACTIVEHALTWAKEUPCMD?STM8S_CLK: Function ?CLK_SLOWACTIVEHALTWAKEUPCMD in file C:\USERS\SRAVI\DOWNLOADS\E1M2_0036\E1M2_0036\MAIN_APP\BIN\STM8S_CLK.OBJ was not called
    ?PR??CLK_SWIMCONFIG?STM8S_CLK: Function ?CLK_SWIMCONFIG in file C:\USERS\SRAVI\DOWNLOADS\E1M2_0036\E1M2_0036\MAIN_APP\BIN\STM8S_CLK.OBJ was not called
    ?PR??CLK_SYSCLKCONFIG?STM8S_CLK: Function ?CLK_SYSCLKCONFIG in file C:\USERS\SRAVI\DOWNLOADS\E1M2_0036\E1M2_0036\MAIN_APP\BIN\STM8S_CLK.OBJ was not called
    ?PR??CLK_SYSCLKEMERGENCYCLEAR?STM8S_CLK: Function ?CLK_SYSCLKEMERGENCYCLEAR in file C:\USERS\SRAVI\DOWNLOADS\E1M2_0036\E1M2_0036\MAIN_APP\BIN\STM8S_CLK.OBJ was not called
    ?PR??EXTI_DEINIT?STM8S_EXTI: Function ?EXTI_DEINIT in file C:\USERS\SRAVI\DOWNLOADS\E1M2_0036\E1M2_0036\MAIN_APP\BIN\STM8S_EXTI.OBJ was not called
    ?PR??EXTI_GETEXTINTSENSITIVITY?STM8S_EXTI: Function ?EXTI_GETEXTINTSENSITIVITY in file C:\USERS\SRAVI\DOWNLOADS\E1M2_0036\E1M2_0036\MAIN_APP\BIN\STM8S_EXTI.OBJ was not called
    ?PR??EXTI_GETTLISENSITIVITY?STM8S_EXTI: Function ?EXTI_GETTLISENSITIVITY in file C:\USERS\SRAVI\DOWNLOADS\E1M2_0036\E1M2_0036\MAIN_APP\BIN\STM8S_EXTI.OBJ was not called
    ?PR??EXTI_SETEXTINTSENSITIVITY?STM8S_EXTI: Function ?EXTI_SETEXTINTSENSITIVITY in file C:\USERS\SRAVI\DOWNLOADS\E1M2_0036\E1M2_0036\MAIN_APP\BIN\STM8S_EXTI.OBJ was not called
    ?PR??EXTI_SETTLISENSITIVITY?STM8S_EXTI: Function ?EXTI_SETTLISENSITIVITY in file C:\USERS\SRAVI\DOWNLOADS\E1M2_0036\E1M2_0036\MAIN_APP\BIN\STM8S_EXTI.OBJ was not called
    ?PR??FLASH_DEINIT?STM8S_FLASH: Function ?FLASH_DEINIT in file C:\USERS\SRAVI\DOWNLOADS\E1M2_0036\E1M2_0036\MAIN_APP\BIN\STM8S_FLASH.OBJ was not called
    ?PR??FLASH_ERASEBLOCK?STM8S_FLASH: Function ?FLASH_ERASEBLOCK in file C:\USERS\SRAVI\DOWNLOADS\E1M2_0036\E1M2_0036\MAIN_APP\BIN\STM8S_FLASH.OBJ was not called
    ?PR??FLASH_ERASEOPTIONBYTE?STM8S_FLASH: Function ?FLASH_ERASEOPTIONBYTE in file C:\USERS\SRAVI\DOWNLOADS\E1M2_0036\E1M2_0036\MAIN_APP\BIN\STM8S_FLASH.OBJ was not called
    ?PR??FLASH_GETBOOTSIZE?STM8S_FLASH: Function ?FLASH_GETBOOTSIZE in file C:\USERS\SRAVI\DOWNLOADS\E1M2_0036\E1M2_0036\MAIN_APP\BIN\STM8S_FLASH.OBJ was not called
    ?PR??FLASH_GETFLAGSTATUS?STM8S_FLASH: Function ?FLASH_GETFLAGSTATUS in file C:\USERS\SRAVI\DOWNLOADS\E1M2_0036\E1M2_0036\MAIN_APP\BIN\STM8S_FLASH.OBJ was not called
    ?PR??FLASH_GETLOWPOWERMODE?STM8S_FLASH: Function ?FLASH_GETLOWPOWERMODE in file C:\USERS\SRAVI\DOWNLOADS\E1M2_0036\E1M2_0036\MAIN_APP\BIN\STM8S_FLASH.OBJ was not called
    ?PR??FLASH_GETPROGRAMMINGTIME?STM8S_FLASH: Function ?FLASH_GETPROGRAMMINGTIME in file C:\USERS\SRAVI\DOWNLOADS\E1M2_0036\E1M2_0036\MAIN_APP\BIN\STM8S_FLASH.OBJ was not called
    ?PR??FLASH_ITCONFIG?STM8S_FLASH: Function ?FLASH_ITCONFIG in file C:\USERS\SRAVI\DOWNLOADS\E1M2_0036\E1M2_0036\MAIN_APP\BIN\STM8S_FLASH.OBJ was not called
    ?PR??FLASH_LOCK?STM8S_FLASH: Function ?FLASH_LOCK in file C:\USERS\SRAVI\DOWNLOADS\E1M2_0036\E1M2_0036\MAIN_APP\BIN\STM8S_FLASH.OBJ was not called
    ?PR??FLASH_PROGRAMBLOCK?STM8S_FLASH: Function ?FLASH_PROGRAMBLOCK in file C:\USERS\SRAVI\DOWNLOADS\E1M2_0036\E1M2_0036\MAIN_APP\BIN\STM8S_FLASH.OBJ was not called
    ?PR??FLASH_PROGRAMOPTIONBYTE?STM8S_FLASH: Function ?FLASH_PROGRAMOPTIONBYTE in file C:\USERS\SRAVI\DOWNLOADS\E1M2_0036\E1M2_0036\MAIN_APP\BIN\STM8S_FLASH.OBJ was not called
    ?PR??FLASH_PROGRAMWORD?STM8S_FLASH: Function ?FLASH_PROGRAMWORD in file C:\USERS\SRAVI\DOWNLOADS\E1M2_0036\E1M2_0036\MAIN_APP\BIN\STM8S_FLASH.OBJ was not called
    ?PR??FLASH_READOPTIONBYTE?STM8S_FLASH: Function ?FLASH_READOPTIONBYTE in file C:\USERS\SRAVI\DOWNLOADS\E1M2_0036\E1M2_0036\MAIN_APP\BIN\STM8S_FLASH.OBJ was not called
    ?PR??FLASH_SETLOWPOWERMODE?STM8S_FLASH: Function ?FLASH_SETLOWPOWERMODE in file C:\USERS\SRAVI\DOWNLOADS\E1M2_0036\E1M2_0036\MAIN_APP\BIN\STM8S_FLASH.OBJ was not called
    ?PR??FLASH_WAITFORLASTOPERATION?STM8S_FLASH: Function ?FLASH_WAITFORLASTOPERATION in file C:\USERS\SRAVI\DOWNLOADS\E1M2_0036\E1M2_0036\MAIN_APP\BIN\STM8S_FLASH.OBJ was not called
    ?PR??GPIO_DEINIT?STM8S_GPIO: Function ?GPIO_DEINIT in file C:\USERS\SRAVI\DOWNLOADS\E1M2_0036\E1M2_0036\MAIN_APP\BIN\STM8S_GPIO.OBJ was not called
    ?PR??GPIO_EXTERNALPULLUPCONFIG?STM8S_GPIO: Function ?GPIO_EXTERNALPULLUPCONFIG in file C:\USERS\SRAVI\DOWNLOADS\E1M2_0036\E1M2_0036\MAIN_APP\BIN\STM8S_GPIO.OBJ was not called
    ?PR??GPIO_INIT?STM8S_GPIO: Function ?GPIO_INIT in file C:\USERS\SRAVI\DOWNLOADS\E1M2_0036\E1M2_0036\MAIN_APP\BIN\STM8S_GPIO.OBJ was not called
    ?PR??GPIO_READINPUTDATA?STM8S_GPIO: Function ?GPIO_READINPUTDATA in file C:\USERS\SRAVI\DOWNLOADS\E1M2_0036\E1M2_0036\MAIN_APP\BIN\STM8S_GPIO.OBJ was not called
    ?PR??GPIO_READINPUTPIN?STM8S_GPIO: Function ?GPIO_READINPUTPIN in file C:\USERS\SRAVI\DOWNLOADS\E1M2_0036\E1M2_0036\MAIN_APP\BIN\STM8S_GPIO.OBJ was not called
    ?PR??GPIO_READOUTPUTDATA?STM8S_GPIO: Function ?GPIO_READOUTPUTDATA in file C:\USERS\SRAVI\DOWNLOADS\E1M2_0036\E1M2_0036\MAIN_APP\BIN\STM8S_GPIO.OBJ was not called
    ?PR??GPIO_WRITE?STM8S_GPIO: Function ?GPIO_WRITE in file C:\USERS\SRAVI\DOWNLOADS\E1M2_0036\E1M2_0036\MAIN_APP\BIN\STM8S_GPIO.OBJ was not called
    ?PR??GPIO_WRITEHIGH?STM8S_GPIO: Function ?GPIO_WRITEHIGH in file C:\USERS\SRAVI\DOWNLOADS\E1M2_0036\E1M2_0036\MAIN_APP\BIN\STM8S_GPIO.OBJ was not called
    ?PR??GPIO_WRITELOW?STM8S_GPIO: Function ?GPIO_WRITELOW in file C:\USERS\SRAVI\DOWNLOADS\E1M2_0036\E1M2_0036\MAIN_APP\BIN\STM8S_GPIO.OBJ was not called
    ?PR??GPIO_WRITEREVERSE?STM8S_GPIO: Function ?GPIO_WRITEREVERSE in file C:\USERS\SRAVI\DOWNLOADS\E1M2_0036\E1M2_0036\MAIN_APP\BIN\STM8S_GPIO.OBJ was not called
    ?PR??TIM4_ARRPRELOADCONFIG?STM8S_TIM4: Function ?TIM4_ARRPRELOADCONFIG in file C:\USERS\SRAVI\DOWNLOADS\E1M2_0036\E1M2_0036\MAIN_APP\BIN\STM8S_TIM4.OBJ was not called
    ?PR??TIM4_CLEARFLAG?STM8S_TIM4: Function ?TIM4_CLEARFLAG in file C:\USERS\SRAVI\DOWNLOADS\E1M2_0036\E1M2_0036\MAIN_APP\BIN\STM8S_TIM4.OBJ was not called
    ?PR??TIM4_CLEARITPENDINGBIT?STM8S_TIM4: Function ?TIM4_CLEARITPENDINGBIT in file C:\USERS\SRAVI\DOWNLOADS\E1M2_0036\E1M2_0036\MAIN_APP\BIN\STM8S_TIM4.OBJ was not called
    ?PR??TIM4_CMD?STM8S_TIM4: Function ?TIM4_CMD in file C:\USERS\SRAVI\DOWNLOADS\E1M2_0036\E1M2_0036\MAIN_APP\BIN\STM8S_TIM4.OBJ was not called
    ?PR??TIM4_DEINIT?STM8S_TIM4: Function ?TIM4_DEINIT in file C:\USERS\SRAVI\DOWNLOADS\E1M2_0036\E1M2_0036\MAIN_APP\BIN\STM8S_TIM4.OBJ was not called
    ?PR??TIM4_GENERATEEVENT?STM8S_TIM4: Function ?TIM4_GENERATEEVENT in file C:\USERS\SRAVI\DOWNLOADS\E1M2_0036\E1M2_0036\MAIN_APP\BIN\STM8S_TIM4.OBJ was not called
    ?PR??TIM4_GETCOUNTER?STM8S_TIM4: Function ?TIM4_GETCOUNTER in file C:\USERS\SRAVI\DOWNLOADS\E1M2_0036\E1M2_0036\MAIN_APP\BIN\STM8S_TIM4.OBJ was not called
    ?PR??TIM4_GETFLAGSTATUS?STM8S_TIM4: Function ?TIM4_GETFLAGSTATUS in file C:\USERS\SRAVI\DOWNLOADS\E1M2_0036\E1M2_0036\MAIN_APP\BIN\STM8S_TIM4.OBJ was not called
    ?PR??TIM4_GETITSTATUS?STM8S_TIM4: Function ?TIM4_GETITSTATUS in file C:\USERS\SRAVI\DOWNLOADS\E1M2_0036\E1M2_0036\MAIN_APP\BIN\STM8S_TIM4.OBJ was not called
    ?PR??TIM4_GETPRESCALER?STM8S_TIM4: Function ?TIM4_GETPRESCALER in file C:\USERS\SRAVI\DOWNLOADS\E1M2_0036\E1M2_0036\MAIN_APP\BIN\STM8S_TIM4.OBJ was not called
    ?PR??TIM4_ITCONFIG?STM8S_TIM4: Function ?TIM4_ITCONFIG in file C:\USERS\SRAVI\DOWNLOADS\E1M2_0036\E1M2_0036\MAIN_APP\BIN\STM8S_TIM4.OBJ was not called
    ?PR??TIM4_PRESCALERCONFIG?STM8S_TIM4: Function ?TIM4_PRESCALERCONFIG in file C:\USERS\SRAVI\DOWNLOADS\E1M2_0036\E1M2_0036\MAIN_APP\BIN\STM8S_TIM4.OBJ was not called
    ?PR??TIM4_SELECTONEPULSEMODE?STM8S_TIM4: Function ?TIM4_SELECTONEPULSEMODE in file C:\USERS\SRAVI\DOWNLOADS\E1M2_0036\E1M2_0036\MAIN_APP\BIN\STM8S_TIM4.OBJ was not called
    ?PR??TIM4_SETAUTORELOAD?STM8S_TIM4: Function ?TIM4_SETAUTORELOAD in file C:\USERS\SRAVI\DOWNLOADS\E1M2_0036\E1M2_0036\MAIN_APP\BIN\STM8S_TIM4.OBJ was not called
    ?PR??TIM4_SETCOUNTER?STM8S_TIM4: Function ?TIM4_SETCOUNTER in file C:\USERS\SRAVI\DOWNLOADS\E1M2_0036\E1M2_0036\MAIN_APP\BIN\STM8S_TIM4.OBJ was not called
    ?PR??TIM4_TIMEBASEINIT?STM8S_TIM4: Function ?TIM4_TIMEBASEINIT in file C:\USERS\SRAVI\DOWNLOADS\E1M2_0036\E1M2_0036\MAIN_APP\BIN\STM8S_TIM4.OBJ was not called
    ?PR??TIM4_UPDATEDISABLECONFIG?STM8S_TIM4: Function ?TIM4_UPDATEDISABLECONFIG in file C:\USERS\SRAVI\DOWNLOADS\E1M2_0036\E1M2_0036\MAIN_APP\BIN\STM8S_TIM4.OBJ was not called
    ?PR??TIM4_UPDATEREQUESTCONFIG?STM8S_TIM4: Function ?TIM4_UPDATEREQUESTCONFIG in file C:\USERS\SRAVI\DOWNLOADS\E1M2_0036\E1M2_0036\MAIN_APP\BIN\STM8S_TIM4.OBJ was not called
    ?PR??UART1_CLEARFLAG?STM8S_UART1: Function ?UART1_CLEARFLAG in file C:\USERS\SRAVI\DOWNLOADS\E1M2_0036\E1M2_0036\MAIN_APP\BIN\STM8S_UART1.OBJ was not called
    ?PR??UART1_CLEARITPENDINGBIT?STM8S_UART1: Function ?UART1_CLEARITPENDINGBIT in file C:\USERS\SRAVI\DOWNLOADS\E1M2_0036\E1M2_0036\MAIN_APP\BIN\STM8S_UART1.OBJ was not called
    ?PR??UART1_CMD?STM8S_UART1: Function ?UART1_CMD in file C:\USERS\SRAVI\DOWNLOADS\E1M2_0036\E1M2_0036\MAIN_APP\BIN\STM8S_UART1.OBJ was not called
    ?PR??UART1_DEINIT?STM8S_UART1: Function ?UART1_DEINIT in file C:\USERS\SRAVI\DOWNLOADS\E1M2_0036\E1M2_0036\MAIN_APP\BIN\STM8S_UART1.OBJ was not called
    ?PR??UART1_GETITSTATUS?STM8S_UART1: Function ?UART1_GETITSTATUS in file C:\USERS\SRAVI\DOWNLOADS\E1M2_0036\E1M2_0036\MAIN_APP\BIN\STM8S_UART1.OBJ was not called
    ?PR??UART1_HALFDUPLEXCMD?STM8S_UART1: Function ?UART1_HALFDUPLEXCMD in file C:\USERS\SRAVI\DOWNLOADS\E1M2_0036\E1M2_0036\MAIN_APP\BIN\STM8S_UART1.OBJ was not called
    ?PR??UART1_INIT?STM8S_UART1: Function ?UART1_INIT in file C:\USERS\SRAVI\DOWNLOADS\E1M2_0036\E1M2_0036\MAIN_APP\BIN\STM8S_UART1.OBJ was not called
    ?PR??UART1_IRDACMD?STM8S_UART1: Function ?UART1_IRDACMD in file C:\USERS\SRAVI\DOWNLOADS\E1M2_0036\E1M2_0036\MAIN_APP\BIN\STM8S_UART1.OBJ was not called
    ?PR??UART1_IRDACONFIG?STM8S_UART1: Function ?UART1_IRDACONFIG in file C:\USERS\SRAVI\DOWNLOADS\E1M2_0036\E1M2_0036\MAIN_APP\BIN\STM8S_UART1.OBJ was not called
    ?PR??UART1_ITCONFIG?STM8S_UART1: Function ?UART1_ITCONFIG in file C:\USERS\SRAVI\DOWNLOADS\E1M2_0036\E1M2_0036\MAIN_APP\BIN\STM8S_UART1.OBJ was not called
    ?PR??UART1_LINBREAKDETECTIONCONFIG?STM8S_UART1: Function ?UART1_LINBREAKDETECTIONCONFIG in file C:\USERS\SRAVI\DOWNLOADS\E1M2_0036\E1M2_0036\MAIN_APP\BIN\STM8S_UART1.OBJ was not called
    ?PR??UART1_LINCMD?STM8S_UART1: Function ?UART1_LINCMD in file C:\USERS\SRAVI\DOWNLOADS\E1M2_0036\E1M2_0036\MAIN_APP\BIN\STM8S_UART1.OBJ was not called
    ?PR??UART1_RECEIVEDATA8?STM8S_UART1: Function ?UART1_RECEIVEDATA8 in file C:\USERS\SRAVI\DOWNLOADS\E1M2_0036\E1M2_0036\MAIN_APP\BIN\STM8S_UART1.OBJ was not called
    ?PR??UART1_RECEIVEDATA9?STM8S_UART1: Function ?UART1_RECEIVEDATA9 in file C:\USERS\SRAVI\DOWNLOADS\E1M2_0036\E1M2_0036\MAIN_APP\BIN\STM8S_UART1.OBJ was not called
    ?PR??UART1_RECEIVERWAKEUPCMD?STM8S_UART1: Function ?UART1_RECEIVERWAKEUPCMD in file C:\USERS\SRAVI\DOWNLOADS\E1M2_0036\E1M2_0036\MAIN_APP\BIN\STM8S_UART1.OBJ was not called
    ?PR??UART1_SENDBREAK?STM8S_UART1: Function ?UART1_SENDBREAK in file C:\USERS\SRAVI\DOWNLOADS\E1M2_0036\E1M2_0036\MAIN_APP\BIN\STM8S_UART1.OBJ was not called
    ?PR??UART1_SENDDATA8?STM8S_UART1: Function ?UART1_SENDDATA8 in file C:\USERS\SRAVI\DOWNLOADS\E1M2_0036\E1M2_0036\MAIN_APP\BIN\STM8S_UART1.OBJ was not called
    ?PR??UART1_SENDDATA9?STM8S_UART1: Function ?UART1_SENDDATA9 in file C:\USERS\SRAVI\DOWNLOADS\E1M2_0036\E1M2_0036\MAIN_APP\BIN\STM8S_UART1.OBJ was not called
    ?PR??UART1_SETADDRESS?STM8S_UART1: Function ?UART1_SETADDRESS in file C:\USERS\SRAVI\DOWNLOADS\E1M2_0036\E1M2_0036\MAIN_APP\BIN\STM8S_UART1.OBJ was not called
    ?PR??UART1_SETGUARDTIME?STM8S_UART1: Function ?UART1_SETGUARDTIME in file C:\USERS\SRAVI\DOWNLOADS\E1M2_0036\E1M2_0036\MAIN_APP\BIN\STM8S_UART1.OBJ was not called
    ?PR??UART1_SETPRESCALER?STM8S_UART1: Function ?UART1_SETPRESCALER in file C:\USERS\SRAVI\DOWNLOADS\E1M2_0036\E1M2_0036\MAIN_APP\BIN\STM8S_UART1.OBJ was not called
    ?PR??UART1_SMARTCARDCMD?STM8S_UART1: Function ?UART1_SMARTCARDCMD in file C:\USERS\SRAVI\DOWNLOADS\E1M2_0036\E1M2_0036\MAIN_APP\BIN\STM8S_UART1.OBJ was not called
    ?PR??UART1_SMARTCARDNACKCMD?STM8S_UART1: Function ?UART1_SMARTCARDNACKCMD in file C:\USERS\SRAVI\DOWNLOADS\E1M2_0036\E1M2_0036\MAIN_APP\BIN\STM8S_UART1.OBJ was not called
    ?PR??UART1_WAKEUPCONFIG?STM8S_UART1: Function ?UART1_WAKEUPCONFIG in file C:\USERS\SRAVI\DOWNLOADS\E1M2_0036\E1M2_0036\MAIN_APP\BIN\STM8S_UART1.OBJ was not called
    ?PR??UART_PROCESS_DATA?STM8S_KLINE: Function ?UART_PROCESS_DATA in file C:\USERS\SRAVI\DOWNLOADS\E1M2_0036\E1M2_0036\MAIN_APP\BIN\STM8S_KLINE.OBJ was not called
    ?PR?STM8S_CLK
    ?STR?STM8S_EXTI
    ?STR?STM8S_GPIO
    ?STR?STM8S_TIM4
    CSTDLIB_ACCIX328
    CSTDLIB_ADD3232
    CSTDLIB_MULDIV32



LINK MAP OF MODULE: C:\USERS\SRAVI\DOWNLOADS\E1M2_0036\E1M2_0036\MAIN_APP\BIN\E1M2_0036.AOF (STM8S_UART1)

	TYPE     BASE         LENGTH     RELOCATION      SEGMENT NAME
	----     ----         ------     ----------      ------------

	* * * * * * * *   D A T A       M E M O R Y   * * * * * * * *
	DATA     000000H      000010H    PAGE0           ?D0?MAIN
	DATA     000010H      000004H    PAGE0           ?D0?STM8S_KLINE
	DATA     000014H      000004H    PAGE0           CSTDLIB_REGISTERS
	DATA     000018H      000002H    PAGE0           ?D0?STM8S_EOL
	DATA     00001AH      00002BH    PAGE0           ?ZD0?STM8S_KLINE
	DATA     000045H      00001EH    PAGE0           ?ZD0?STM8S_EOL
	DATA     000063H      00001BH    PAGE0           ?ZD0?STM8S_CAN
	DATA     00007EH      000011H    PAGE0           ?ZD0?MAIN
	DATA     00008FH      000004H    PAGE0           ?ZD0?STM8S_IT
	         000093H      00136DH                     *** GAP ***
	DATA     001400H      000400H    UNIT            ?C_STACK?SEG

	* * * * * * * *   C O D E       M E M O R Y   * * * * * * * *
	CODE     008000H      000004H    AT              ?CO?STARTUP_V_Z00
	CODE     008004H      000004H    AT              ?IT?VECTOR#256
	CODE     008008H      000004H    AT              ?IT?VECTOR#0
	CODE     00800CH      000004H    AT              ?IT?VECTOR#1
	CODE     008010H      000004H    AT              ?IT?VECTOR#2
	CODE     008014H      000004H    AT              ?IT?VECTOR#3
	CODE     008018H      000004H    AT              ?IT?VECTOR#4
	CODE     00801CH      000004H    AT              ?IT?VECTOR#5
	CODE     008020H      000004H    AT              ?IT?VECTOR#6
	CODE     008024H      000004H    AT              ?IT?VECTOR#7
	CODE     008028H      000004H    AT              ?IT?VECTOR#8
	CODE     00802CH      000004H    AT              ?IT?VECTOR#9
	CODE     008030H      000004H    AT              ?IT?VECTOR#10
	CODE     008034H      000004H    AT              ?IT?VECTOR#11
	CODE     008038H      000004H    AT              ?IT?VECTOR#12
	CODE     00803CH      000004H    AT              ?IT?VECTOR#13
	CODE     008040H      000004H    AT              ?IT?VECTOR#14
	CODE     008044H      000004H    AT              ?IT?VECTOR#15
	CODE     008048H      000004H    AT              ?IT?VECTOR#16
	CODE     00804CH      000004H    AT              ?IT?VECTOR#17
	CODE     008050H      000004H    AT              ?IT?VECTOR#18
	CODE     008054H      000004H    AT              ?IT?VECTOR#19
	CODE     008058H      000004H    AT              ?IT?VECTOR#20
	CODE     00805CH      000004H    AT              ?IT?VECTOR#21
	CODE     008060H      000004H    AT              ?IT?VECTOR#22
	CODE     008064H      000004H    AT              ?IT?VECTOR#23
	CODE     008068H      000004H    AT              ?IT?VECTOR#24
	         00806CH      000014H                     *** GAP ***
	CODE     008080H      000048H    INSECTION0      ?STR?STM8S_FLASH
	CODE     0080C8H      000033H    INSECTION0      CSTART
	CODE     0080FBH      000005H    INSECTION       ?PR??CAN_FIFORELEASE?STM8S_CAN
	CODE     008100H      00003AH    AT              
	CODE     00813AH      000046H    AT              
	CODE     008180H      000001H    INSECTION       ?PR??TRAP_IRQHANDLER?STM8S_IT
	CODE     008181H      000028H    AT              
	CODE     0081A9H      00008DH    INSECTION0      CSTDLIB_MULU3232
	CODE     008236H      00000AH    INSECTION0      CSTDLIB_INTTOL
	CODE     008240H      000008H    AT              
	CODE     008248H      000008H    AT              
	CODE     008250H      000008H    AT              
	CODE     008258H      000008H    AT              
	CODE     008260H      000008H    AT              
	CODE     008268H      000008H    AT              
	CODE     008270H      000008H    AT              
	CODE     008278H      000008H    AT              
	CODE     008280H      000008H    AT              
	CODE     008288H      000047H    INSECTION0      CSTDLIB_DIVU32
	CODE     0082CFH      000046H    INSECTION0      ?STR?STM8S_CAN
	CODE     008315H      000046H    INSECTION0      ?STR?STM8S_CLK
	CODE     00835BH      000001H    INSECTION       ?PR??TLI_IRQHANDLER?STM8S_IT
	CODE     00835CH      00001AH    INSECTION0      CSTDLIB_SLL328
	CODE     008376H      00001AH    INSECTION0      CSTDLIB_SRL328
	CODE     008390H      000018H    INSECTION0      CSTDLIB_IX32
	CODE     0083A8H      000017H    INSECTION0      CSTDLIB_MV4BC2ISA
	CODE     0083BFH      000017H    INSECTION0      CSTDLIB_MV4ISA2BC
	CODE     0083D6H      000017H    INSECTION0      CSTDLIB_SUB3232
	CODE     0083EDH      000016H    INSECTION0      CSTDLIB_AND3232
	CODE     008403H      000016H    INSECTION0      CSTDLIB_OR3232
	CODE     008419H      000015H    INSECTION0      CSTDLIB_MV4IX2SK
	CODE     00842EH      000012H    INSECTION0      CSTDLIB_CHARTOL
	CODE     008440H      000012H    INSECTION0      CSTDLIB_PG2BC
	CODE     008452H      000012H    INSECTION0      CSTDLIB_PG2IX
	CODE     008464H      000011H    INSECTION0      CSTDLIB_MV4BC2SK
	CODE     008475H      000002H    INSECTION       ?PR??ASSERT_FAILED?MAIN
	CODE     008477H      000001H    INSECTION       ?PR??AWU_IRQHANDLER?STM8S_IT
	CODE     008478H      000011H    INSECTION0      CSTDLIB_SLL168
	CODE     008489H      000001H    INSECTION       ?PR??CLK_IRQHANDLER?STM8S_IT
	CODE     00848AH      000011H    INSECTION0      CSTDLIB_MEMCPYP
	CODE     00849BH      00000DH    INSECTION0      CSTDLIB_MV4BC2IX
	CODE     0084A8H      00000DH    INSECTION0      CSTDLIB_MV4IX2BC
	CODE     0084B5H      00000CH    INSECTION0      CSTDLIB_CPU3232IX
	CODE     0084C1H      000009H    INSECTION0      CSTDLIB_NULL2BC
	CODE     0084CAH      000009H    INSECTION0      CSTDLIB_PG2SK1
	CODE     0084D3H      000006H    INSECTION0      ?STR?MAIN
	CODE     0084D9H      000593H    INSECTION       ?PR??PROGRAM_SEQUENCE?MAIN?S?MAIN
	CODE     008A6CH      0003D1H    INSECTION       ?PR??CAN_FILTERINIT?STM8S_CAN
	CODE     008E3DH      000261H    INSECTION       ?PR??EOL_TESTER_FUNCTION?STM8S_EOL
	CODE     00909EH      0001BEH    INSECTION       ?PR??CAN_TRANSMIT?STM8S_CAN
	CODE     00925CH      000163H    INSECTION       ?PR??CAN_RECEIVE?STM8S_CAN
	CODE     0093BFH      000118H    INSECTION       ?PR??CAN_INIT?STM8S_CAN
	CODE     0094D7H      0000C2H    INSECTION       ?PR??CAN_OPERATINGMODEREQUEST?STM8S_CAN
	CODE     009599H      0000B9H    INSECTION       ?PR??UART_CONFIG?STM8S_KLINE
	CODE     009652H      0000A7H    INSECTION       ?PR??KLINE_RECEIVE_VALIDATE_MESSAGE2?STM8S_EOL
	CODE     0096F9H      000090H    INSECTION       ?PR??CHECK_DORMAN_RIGHTS?MAIN?S?MAIN
	CODE     009789H      000089H    INSECTION       ?PR??CAN_ITCONFIG?STM8S_CAN
	CODE     009812H      000086H    INSECTION       ?PR??CAN_TRANSMITSTATUS?STM8S_CAN
	CODE     009898H      000072H    INSECTION       ?PR??CAN_DEINIT?STM8S_CAN
	CODE     00990AH      00006DH    INSECTION       ?PR??UART_PROCESS_DATA_2?STM8S_EOL
	CODE     009977H      000064H    INSECTION       ?PR??TIM4_UPD_OVF_IRQHANDLER?STM8S_IT
	CODE     0099DBH      00005AH    INSECTION       ?PR??FLASH_PROGRAMBYTE?STM8S_FLASH
	CODE     009A35H      000059H    INSECTION       ?PR??FLASH_ERASEBYTE?STM8S_FLASH
	CODE     009A8EH      000058H    INSECTION       ?PR??FLASH_READBYTE?STM8S_FLASH
	CODE     009AE6H      00004FH    INSECTION       ?PR??KLINE_TRANSMIT?STM8S_KLINE
	CODE     009B35H      000044H    INSECTION       ?PR?MAIN?MAIN
	CODE     009B79H      000041H    INSECTION       ?PR??UART1_GETFLAGSTATUS?STM8S_UART1
	CODE     009BBAH      000037H    INSECTION       ?PR??CLK_HSIPRESCALERCONFIG?STM8S_CLK
	CODE     009BF1H      000036H    INSECTION       ?PR??CAN_CONFIG?MAIN
	CODE     009C27H      000035H    INSECTION       ?PR??UART1_RX_IRQHANDLER?STM8S_KLINE
	CODE     009C5CH      000034H    INSECTION       ?PR??FLASH_UNLOCK?STM8S_FLASH
	CODE     009C90H      00002DH    INSECTION       ?PR??GPIO_CONFIG?MAIN
	CODE     009CBDH      000023H    INSECTION       ?PR??FLASH_SETPROGRAMMINGTIME?STM8S_FLASH
	CODE     009CE0H      000022H    INSECTION       ?PR??KLINE_CHECKSUM?STM8S_KLINE
	CODE     009D02H      000020H    UNIT            ?PR?STATINIT
	CODE     009D22H      000018H    INSECTION       ?PR??FLASH_PROCESS?MAIN?S?MAIN
	CODE     009D3AH      000016H    INSECTION       ?PR??CAN_RX_IRQHANDLER?STM8S_IT
	CODE     009D50H      000015H    INSECTION       ?PR??WAIT_TIME?MAIN
	CODE     009D65H      000012H    INSECTION       ?PR??UART1_TX_IRQHANDLER?STM8S_KLINE
	CODE     009D77H      000007H    INSECTION       ?PR??DELAY?MAIN
	CODE     009D7EH      000006H    INSECTION       ?PR??CAN_GETSELECTEDPAGE?STM8S_CAN
	CODE     009D84H      000005H    INSECTION       ?PR??CAN_SELECTPAGE?STM8S_CAN
	CODE     009D89H      000004H    INSECTION       ?PR??CLK_CONFIG?MAIN
	CODE     009D8DH      000001H    INSECTION       ?PR??EXTI_PORTA_IRQHANDLER?STM8S_IT
	CODE     009D8EH      000001H    INSECTION       ?PR??EXTI_PORTB_IRQHANDLER?STM8S_IT
	CODE     009D8FH      000001H    INSECTION       ?PR??EXTI_PORTC_IRQHANDLER?STM8S_IT
	CODE     009D90H      000001H    INSECTION       ?PR??EXTI_PORTD_IRQHANDLER?STM8S_IT
	CODE     009D91H      000001H    INSECTION       ?PR??EXTI_PORTE_IRQHANDLER?STM8S_IT
	CODE     009D92H      000001H    INSECTION       ?PR??CAN_TX_IRQHANDLER?STM8S_IT
	CODE     009D93H      000001H    INSECTION       ?PR??SPI_IRQHANDLER?STM8S_IT
	CODE     009D94H      000001H    INSECTION       ?PR??TIM1_UPD_OVF_TRG_BRK_IRQHANDLER?STM8S_IT
	CODE     009D95H      000001H    INSECTION       ?PR??TIM1_CAP_COM_IRQHANDLER?STM8S_IT
	CODE     009D96H      000001H    INSECTION       ?PR??TIM2_UPD_OVF_BRK_IRQHANDLER?STM8S_IT
	CODE     009D97H      000001H    INSECTION       ?PR??TIM2_CAP_COM_IRQHANDLER?STM8S_IT
	CODE     009D98H      000001H    INSECTION       ?PR??TIM3_UPD_OVF_BRK_IRQHANDLER?STM8S_IT
	CODE     009D99H      000001H    INSECTION       ?PR??TIM3_CAP_COM_IRQHANDLER?STM8S_IT
	CODE     009D9AH      000001H    INSECTION       ?PR??I2C_IRQHANDLER?STM8S_IT
	CODE     009D9BH      000001H    INSECTION       ?PR??UART3_TX_IRQHANDLER?STM8S_IT
	CODE     009D9CH      000001H    INSECTION       ?PR??UART3_RX_IRQHANDLER?STM8S_IT
	CODE     009D9DH      000001H    INSECTION       ?PR??ADC2_IRQHANDLER?STM8S_IT
	CODE     009D9EH      000001H    INSECTION       ?PR??EEPROM_EEC_IRQHANDLER?STM8S_IT

EXECUTABLE SUMMARY:
-------------------
    Total EEPROM storage requirement:  0000H (0)
    Total DATA storage requirement:  0493H (1171)
    Total CODE storage requirement:  1D8BH (7563)


REFERENCE MAP OF MODULE: C:\USERS\SRAVI\DOWNLOADS\E1M2_0036\E1M2_0036\MAIN_APP\BIN\E1M2_0036.AOF (E1M2_0036)

SEGMENT
   +-->CALLED SEGMENT
---------------------
?PR??UART1_INIT?STM8S_UART1
   +-->CSTDLIB_SRL328
   +-->CSTDLIB_SUB3232
   +-->CSTDLIB_IX32
   +-->CSTDLIB_MULDIV32
   +-->CSTDLIB_PG2SK1
   +-->CSTDLIB_MV4BC2ISA
   +-->CSTDLIB_DIVU32
   +-->?PR??CLK_GETCLOCKFREQ?STM8S_CLK
   +-->CSTDLIB_MV4BC2SK
   +-->CSTDLIB_SLL328
   +-->CSTDLIB_MV4ISA2BC
   +-->CSTDLIB_NULL2BC

?PR??UART1_ITCONFIG?STM8S_UART1
   +-->CSTDLIB_SLL168

?PR??UART1_GETITSTATUS?STM8S_UART1
   +-->CSTDLIB_SLL168

?PR?MAIN?MAIN
   +-->?PR??PROGRAM_SEQUENCE?MAIN?S?MAIN
   +-->?PR??FLASH_PROCESS?MAIN?S?MAIN
   +-->?PR??CAN_CONFIG?MAIN
   +-->?PR??UART_CONFIG?STM8S_KLINE
   +-->?PR??GPIO_CONFIG?MAIN
   +-->?PR??CLK_CONFIG?MAIN
   +-->?PR??CHECK_DORMAN_RIGHTS?MAIN?S?MAIN

?PR??CHECK_DORMAN_RIGHTS?MAIN?S?MAIN
   +-->CSTDLIB_MEMCPYP
   +-->?STR?MAIN

?PR??FLASH_PROCESS?MAIN?S?MAIN
   +-->?PR??FLASH_READBYTE?STM8S_FLASH
   +-->CSTDLIB_MV4IX2SK
   +-->?PR??FLASH_UNLOCK?STM8S_FLASH
   +-->?PR??FLASH_SETPROGRAMMINGTIME?STM8S_FLASH

?PR??CLK_CONFIG?MAIN
   +-->?PR??CLK_HSIPRESCALERCONFIG?STM8S_CLK

?PR??CAN_CONFIG?MAIN
   +-->?PR??CAN_ITCONFIG?STM8S_CAN
   +-->?PR??CAN_FILTERINIT?STM8S_CAN
   +-->?PR??CAN_INIT?STM8S_CAN
   +-->?PR??CAN_DEINIT?STM8S_CAN

?PR??WAIT_TIME?MAIN
   +-->?PR??DELAY?MAIN

?PR??PROGRAM_SEQUENCE?MAIN?S?MAIN
   +-->?PR??FLASH_PROGRAMBYTE?STM8S_FLASH
   +-->CSTDLIB_PG2IX
   +-->?PR??CAN_TRANSMIT?STM8S_CAN
   +-->CSTDLIB_MV4IX2SK
   +-->?PR??WAIT_TIME?MAIN

?PR??CAN_DEINIT?STM8S_CAN
   +-->?PR??CAN_OPERATINGMODEREQUEST?STM8S_CAN

?PR??CAN_INIT?STM8S_CAN
   +-->?PR??CAN_SELECTPAGE?STM8S_CAN
   +-->?PR??ASSERT_FAILED?MAIN
   +-->?STR?STM8S_CAN
   +-->CSTDLIB_PG2SK1
   +-->?PR??CAN_GETSELECTEDPAGE?STM8S_CAN

?PR??CAN_FILTERINIT?STM8S_CAN
   +-->?PR??CAN_SELECTPAGE?STM8S_CAN
   +-->CSTDLIB_SLL168
   +-->?PR??CAN_OPERATINGMODEREQUEST?STM8S_CAN
   +-->?PR??ASSERT_FAILED?MAIN
   +-->?STR?STM8S_CAN
   +-->CSTDLIB_PG2SK1
   +-->?PR??CAN_GETSELECTEDPAGE?STM8S_CAN

?PR??CAN_ITCONFIG?STM8S_CAN
   +-->?PR??CAN_SELECTPAGE?STM8S_CAN
   +-->?PR??ASSERT_FAILED?MAIN
   +-->?STR?STM8S_CAN
   +-->?PR??CAN_GETSELECTEDPAGE?STM8S_CAN

?PR??CAN_ST7COMPATIBILITYCMD?STM8S_CAN
   +-->?PR??ASSERT_FAILED?MAIN
   +-->?STR?STM8S_CAN

?PR??CAN_TTCOMMODECMD?STM8S_CAN
   +-->?PR??CAN_SELECTPAGE?STM8S_CAN
   +-->?PR??ASSERT_FAILED?MAIN
   +-->?STR?STM8S_CAN
   +-->?PR??CAN_GETSELECTEDPAGE?STM8S_CAN

?PR??CAN_TRANSMIT?STM8S_CAN
   +-->?PR??CAN_TRANSMITSTATUS?STM8S_CAN
   +-->?PR??CAN_SELECTPAGE?STM8S_CAN
   +-->CSTDLIB_SLL328
   +-->CSTDLIB_OR3232
   +-->CSTDLIB_MV4BC2SK
   +-->CSTDLIB_INTTOL
   +-->CSTDLIB_SRL328
   +-->CSTDLIB_MV4ISA2BC
   +-->CSTDLIB_MV4BC2ISA
   +-->CSTDLIB_AND3232
   +-->CSTDLIB_CPU3232IX
   +-->CSTDLIB_PG2BC
   +-->?PR??ASSERT_FAILED?MAIN
   +-->?STR?STM8S_CAN
   +-->?PR??CAN_GETSELECTEDPAGE?STM8S_CAN

?PR??CAN_TRANSMITSTATUS?STM8S_CAN
   +-->?PR??ASSERT_FAILED?MAIN
   +-->?STR?STM8S_CAN

?PR??CAN_CANCELTRANSMIT?STM8S_CAN
   +-->?PR??CAN_SELECTPAGE?STM8S_CAN
   +-->?PR??ASSERT_FAILED?MAIN
   +-->?STR?STM8S_CAN
   +-->?PR??CAN_GETSELECTEDPAGE?STM8S_CAN

?PR??CAN_RECEIVE?STM8S_CAN
   +-->?PR??CAN_SELECTPAGE?STM8S_CAN
   +-->?PR??CAN_FIFORELEASE?STM8S_CAN
   +-->CSTDLIB_CPU3232IX
   +-->CSTDLIB_PG2BC
   +-->CSTDLIB_MV4BC2IX
   +-->CSTDLIB_AND3232
   +-->CSTDLIB_MV4ISA2BC
   +-->CSTDLIB_MV4BC2SK
   +-->CSTDLIB_OR3232
   +-->CSTDLIB_MV4BC2ISA
   +-->CSTDLIB_SLL328
   +-->CSTDLIB_CHARTOL
   +-->?PR??CAN_GETSELECTEDPAGE?STM8S_CAN

?PR??CAN_GETRECEIVEDID?STM8S_CAN
   +-->CSTDLIB_MV4IX2BC

?PR??CAN_GETRECEIVEDDATA?STM8S_CAN
   +-->?PR??ASSERT_FAILED?MAIN
   +-->?STR?STM8S_CAN

?PR??CAN_GETMESSAGETIMESTAMP?STM8S_CAN
   +-->?PR??CAN_SELECTPAGE?STM8S_CAN
   +-->?PR??CAN_GETSELECTEDPAGE?STM8S_CAN

?PR??CAN_OPERATINGMODEREQUEST?STM8S_CAN
   +-->?PR??ASSERT_FAILED?MAIN
   +-->?STR?STM8S_CAN

?PR??CAN_GETLASTERRORCODE?STM8S_CAN
   +-->?PR??CAN_SELECTPAGE?STM8S_CAN
   +-->?PR??CAN_GETSELECTEDPAGE?STM8S_CAN

?PR??CAN_CLEARFLAG?STM8S_CAN
   +-->?PR??CAN_SELECTPAGE?STM8S_CAN
   +-->?PR??CAN_GETSELECTEDPAGE?STM8S_CAN
   +-->?PR??ASSERT_FAILED?MAIN
   +-->?STR?STM8S_CAN

?PR??CAN_GETFLAGSTATUS?STM8S_CAN
   +-->?PR??CAN_SELECTPAGE?STM8S_CAN
   +-->?PR??CAN_GETSELECTEDPAGE?STM8S_CAN
   +-->?PR??ASSERT_FAILED?MAIN
   +-->?STR?STM8S_CAN

?PR??CAN_GETITSTATUS?STM8S_CAN
   +-->?PR??CAN_SELECTPAGE?STM8S_CAN
   +-->?PR??CHECKITSTATUS?STM8S_CAN?S?STM8S_CAN
   +-->?PR??ASSERT_FAILED?MAIN
   +-->?STR?STM8S_CAN
   +-->?PR??CAN_GETSELECTEDPAGE?STM8S_CAN

?PR??CAN_CLEARITPENDINGBIT?STM8S_CAN
   +-->?PR??CAN_SELECTPAGE?STM8S_CAN
   +-->?PR??ASSERT_FAILED?MAIN
   +-->?STR?STM8S_CAN
   +-->?PR??CAN_GETSELECTEDPAGE?STM8S_CAN

?PR??CLK_FASTHALTWAKEUPCMD?STM8S_CLK
   +-->?PR??ASSERT_FAILED?MAIN
   +-->?STR?STM8S_CLK
   +-->CSTDLIB_PG2SK1

?PR??CLK_HSECMD?STM8S_CLK
   +-->?PR??ASSERT_FAILED?MAIN
   +-->?STR?STM8S_CLK
   +-->CSTDLIB_PG2SK1

?PR??CLK_HSICMD?STM8S_CLK
   +-->?PR??ASSERT_FAILED?MAIN
   +-->?STR?STM8S_CLK
   +-->CSTDLIB_PG2SK1

?PR??CLK_LSICMD?STM8S_CLK
   +-->?PR??ASSERT_FAILED?MAIN
   +-->?STR?STM8S_CLK
   +-->CSTDLIB_PG2SK1

?PR??CLK_CCOCMD?STM8S_CLK
   +-->?PR??ASSERT_FAILED?MAIN
   +-->?STR?STM8S_CLK
   +-->CSTDLIB_PG2SK1

?PR??CLK_CLOCKSWITCHCMD?STM8S_CLK
   +-->?PR??ASSERT_FAILED?MAIN
   +-->?STR?STM8S_CLK
   +-->CSTDLIB_PG2SK1

?PR??CLK_SLOWACTIVEHALTWAKEUPCMD?STM8S_CLK
   +-->?PR??ASSERT_FAILED?MAIN
   +-->?STR?STM8S_CLK
   +-->CSTDLIB_PG2SK1

?PR??CLK_PERIPHERALCLOCKCONFIG?STM8S_CLK
   +-->CSTDLIB_SLL168
   +-->?PR??ASSERT_FAILED?MAIN
   +-->?STR?STM8S_CLK
   +-->CSTDLIB_PG2SK1

?PR??CLK_CLOCKSWITCHCONFIG?STM8S_CLK
   +-->?PR??ASSERT_FAILED?MAIN
   +-->?STR?STM8S_CLK

?PR??CLK_HSIPRESCALERCONFIG?STM8S_CLK
   +-->?PR??ASSERT_FAILED?MAIN
   +-->?STR?STM8S_CLK

?PR??CLK_CCOCONFIG?STM8S_CLK
   +-->?PR??ASSERT_FAILED?MAIN
   +-->?STR?STM8S_CLK

?PR??CLK_ITCONFIG?STM8S_CLK
   +-->?PR??ASSERT_FAILED?MAIN
   +-->?STR?STM8S_CLK

?PR??CLK_SYSCLKCONFIG?STM8S_CLK
   +-->?PR??ASSERT_FAILED?MAIN
   +-->?STR?STM8S_CLK

?PR??CLK_SWIMCONFIG?STM8S_CLK
   +-->?PR??ASSERT_FAILED?MAIN
   +-->?STR?STM8S_CLK

?PR??CLK_GETCLOCKFREQ?STM8S_CLK
   +-->CSTDLIB_MV4ISA2BC
   +-->CSTDLIB_MV4BC2ISA
   +-->CSTDLIB_DIVU32
   +-->CSTDLIB_PG2BC
   +-->CSTDLIB_MV4BC2SK
   +-->CSTDLIB_CHARTOL
   +-->?PR?STM8S_CLK

?PR??CLK_ADJUSTHSICALIBRATIONVALUE?STM8S_CLK
   +-->?PR??ASSERT_FAILED?MAIN
   +-->?STR?STM8S_CLK

?PR??CLK_GETFLAGSTATUS?STM8S_CLK
   +-->?PR??ASSERT_FAILED?MAIN
   +-->?STR?STM8S_CLK

?PR??CLK_GETITSTATUS?STM8S_CLK
   +-->?PR??ASSERT_FAILED?MAIN
   +-->?STR?STM8S_CLK

?PR??CLK_CLEARITPENDINGBIT?STM8S_CLK
   +-->?PR??ASSERT_FAILED?MAIN
   +-->?STR?STM8S_CLK

?PR??EOL_TESTER_FUNCTION?STM8S_EOL
   +-->?PR??FLASH_READBYTE?STM8S_FLASH
   +-->?PR??FLASH_ERASEBYTE?STM8S_FLASH
   +-->?PR??CAN_TRANSMIT?STM8S_CAN

?PR??UART_PROCESS_DATA_2?STM8S_EOL
   +-->?PR??KLINE_TRANSMIT?STM8S_KLINE

?PR??KLINE_RECEIVE_VALIDATE_MESSAGE2?STM8S_EOL
   +-->?PR??UART_PROCESS_DATA_2?STM8S_EOL
   +-->?PR??KLINE_CHECKSUM?STM8S_KLINE

?PR??EXTI_SETEXTINTSENSITIVITY?STM8S_EXTI
   +-->?PR??ASSERT_FAILED?MAIN
   +-->?STR?STM8S_EXTI
   +-->CSTDLIB_PG2SK1

?PR??EXTI_SETTLISENSITIVITY?STM8S_EXTI
   +-->?PR??ASSERT_FAILED?MAIN
   +-->?STR?STM8S_EXTI
   +-->CSTDLIB_PG2SK1

?PR??EXTI_GETEXTINTSENSITIVITY?STM8S_EXTI
   +-->?PR??ASSERT_FAILED?MAIN
   +-->?STR?STM8S_EXTI
   +-->CSTDLIB_PG2SK1

?PR??FLASH_UNLOCK?STM8S_FLASH
   +-->?PR??ASSERT_FAILED?MAIN
   +-->?STR?STM8S_FLASH
   +-->CSTDLIB_PG2SK1

?PR??FLASH_LOCK?STM8S_FLASH
   +-->?PR??ASSERT_FAILED?MAIN
   +-->?STR?STM8S_FLASH
   +-->CSTDLIB_PG2SK1

?PR??FLASH_ITCONFIG?STM8S_FLASH
   +-->?PR??ASSERT_FAILED?MAIN
   +-->?STR?STM8S_FLASH
   +-->CSTDLIB_PG2SK1

?PR??FLASH_ERASEBYTE?STM8S_FLASH
   +-->?PR??ASSERT_FAILED?MAIN
   +-->?STR?STM8S_FLASH
   +-->CSTDLIB_PG2SK1
   +-->CSTDLIB_CPU3232IX
   +-->CSTDLIB_PG2BC

?PR??FLASH_PROGRAMBYTE?STM8S_FLASH
   +-->?PR??ASSERT_FAILED?MAIN
   +-->?STR?STM8S_FLASH
   +-->CSTDLIB_PG2SK1
   +-->CSTDLIB_CPU3232IX
   +-->CSTDLIB_PG2BC

?PR??FLASH_READBYTE?STM8S_FLASH
   +-->?PR??ASSERT_FAILED?MAIN
   +-->?STR?STM8S_FLASH
   +-->CSTDLIB_PG2SK1
   +-->CSTDLIB_CPU3232IX
   +-->CSTDLIB_PG2BC

?PR??FLASH_PROGRAMWORD?STM8S_FLASH
   +-->?PR??ASSERT_FAILED?MAIN
   +-->?STR?STM8S_FLASH
   +-->CSTDLIB_PG2SK1
   +-->CSTDLIB_CPU3232IX
   +-->CSTDLIB_PG2BC

?PR??FLASH_PROGRAMOPTIONBYTE?STM8S_FLASH
   +-->?PR??FLASH_WAITFORLASTOPERATION?STM8S_FLASH
   +-->?PR??ASSERT_FAILED?MAIN
   +-->?STR?STM8S_FLASH
   +-->CSTDLIB_PG2SK1

?PR??FLASH_ERASEOPTIONBYTE?STM8S_FLASH
   +-->?PR??FLASH_WAITFORLASTOPERATION?STM8S_FLASH
   +-->?PR??ASSERT_FAILED?MAIN
   +-->?STR?STM8S_FLASH
   +-->CSTDLIB_PG2SK1

?PR??FLASH_READOPTIONBYTE?STM8S_FLASH
   +-->?PR??ASSERT_FAILED?MAIN
   +-->?STR?STM8S_FLASH
   +-->CSTDLIB_PG2SK1

?PR??FLASH_SETLOWPOWERMODE?STM8S_FLASH
   +-->?PR??ASSERT_FAILED?MAIN
   +-->?STR?STM8S_FLASH

?PR??FLASH_SETPROGRAMMINGTIME?STM8S_FLASH
   +-->?PR??ASSERT_FAILED?MAIN
   +-->?STR?STM8S_FLASH

?PR??FLASH_GETBOOTSIZE?STM8S_FLASH
   +-->CSTDLIB_MV4ISA2BC
   +-->CSTDLIB_ADD3232
   +-->CSTDLIB_PG2BC
   +-->CSTDLIB_MV4BC2ISA
   +-->CSTDLIB_MULU3232
   +-->CSTDLIB_CHARTOL
   +-->CSTDLIB_NULL2BC

?PR??FLASH_GETFLAGSTATUS?STM8S_FLASH
   +-->?PR??ASSERT_FAILED?MAIN
   +-->?STR?STM8S_FLASH

?PR??FLASH_WAITFORLASTOPERATION?STM8S_FLASH
   +-->CSTDLIB_ACCIX328
   +-->CSTDLIB_CPU3232IX
   +-->CSTDLIB_NULL2BC

?PR??FLASH_ERASEBLOCK?STM8S_FLASH
   +-->CSTDLIB_IX32
   +-->CSTDLIB_MV4BC2SK
   +-->CSTDLIB_MULU3232
   +-->CSTDLIB_PG2SK1
   +-->?PR??ASSERT_FAILED?MAIN
   +-->?STR?STM8S_FLASH

?PR??FLASH_PROGRAMBLOCK?STM8S_FLASH
   +-->CSTDLIB_MV4BC2ISA
   +-->CSTDLIB_ADD3232
   +-->CSTDLIB_MULU3232
   +-->CSTDLIB_PG2SK1
   +-->?PR??ASSERT_FAILED?MAIN
   +-->?STR?STM8S_FLASH

?PR??GPIO_INIT?STM8S_GPIO
   +-->?PR??ASSERT_FAILED?MAIN
   +-->?STR?STM8S_GPIO
   +-->CSTDLIB_PG2SK1

?PR??GPIO_EXTERNALPULLUPCONFIG?STM8S_GPIO
   +-->?PR??ASSERT_FAILED?MAIN
   +-->?STR?STM8S_GPIO
   +-->CSTDLIB_PG2SK1

?PR??CAN_RX_IRQHANDLER?STM8S_IT
   +-->?PR??CAN_RECEIVE?STM8S_CAN

?PR??TIM4_UPD_OVF_IRQHANDLER?STM8S_IT
   +-->?PR??EOL_TESTER_FUNCTION?STM8S_EOL
   +-->?PR??WAIT_TIME?MAIN

?PR??UART_CONFIG?STM8S_KLINE
   +-->CSTDLIB_SRL328
   +-->CSTDLIB_MV4ISA2BC
   +-->CSTDLIB_SUB3232
   +-->CSTDLIB_IX32
   +-->CSTDLIB_PG2SK1
   +-->CSTDLIB_MV4BC2ISA
   +-->CSTDLIB_DIVU32
   +-->CSTDLIB_PG2BC
   +-->CSTDLIB_MV4BC2SK
   +-->CSTDLIB_SLL328
   +-->CSTDLIB_MV4IX2BC
   +-->CSTDLIB_NULL2BC

?PR??KLINE_TRANSMIT?STM8S_KLINE
   +-->?PR??KLINE_CHECKSUM?STM8S_KLINE
   +-->?PR??UART1_GETFLAGSTATUS?STM8S_UART1

?PR??UART1_RX_IRQHANDLER?STM8S_KLINE
   +-->?PR??KLINE_RECEIVE_VALIDATE_MESSAGE2?STM8S_EOL

?PR??TIM4_TIMEBASEINIT?STM8S_TIM4
   +-->?PR??ASSERT_FAILED?MAIN
   +-->?STR?STM8S_TIM4
   +-->CSTDLIB_PG2SK1

?PR??TIM4_CMD?STM8S_TIM4
   +-->?PR??ASSERT_FAILED?MAIN
   +-->?STR?STM8S_TIM4
   +-->CSTDLIB_PG2SK1

?PR??TIM4_ITCONFIG?STM8S_TIM4
   +-->?PR??ASSERT_FAILED?MAIN
   +-->?STR?STM8S_TIM4
   +-->CSTDLIB_PG2SK1

?PR??TIM4_UPDATEDISABLECONFIG?STM8S_TIM4
   +-->?PR??ASSERT_FAILED?MAIN
   +-->?STR?STM8S_TIM4
   +-->CSTDLIB_PG2SK1

?PR??TIM4_UPDATEREQUESTCONFIG?STM8S_TIM4
   +-->?PR??ASSERT_FAILED?MAIN
   +-->?STR?STM8S_TIM4
   +-->CSTDLIB_PG2SK1

?PR??TIM4_SELECTONEPULSEMODE?STM8S_TIM4
   +-->?PR??ASSERT_FAILED?MAIN
   +-->?STR?STM8S_TIM4
   +-->CSTDLIB_PG2SK1

?PR??TIM4_PRESCALERCONFIG?STM8S_TIM4
   +-->?PR??ASSERT_FAILED?MAIN
   +-->?STR?STM8S_TIM4
   +-->CSTDLIB_PG2SK1

?PR??TIM4_ARRPRELOADCONFIG?STM8S_TIM4
   +-->?PR??ASSERT_FAILED?MAIN
   +-->?STR?STM8S_TIM4
   +-->CSTDLIB_PG2SK1

?PR??TIM4_GENERATEEVENT?STM8S_TIM4
   +-->?PR??ASSERT_FAILED?MAIN
   +-->?STR?STM8S_TIM4
   +-->CSTDLIB_PG2SK1

?PR??TIM4_GETFLAGSTATUS?STM8S_TIM4
   +-->?PR??ASSERT_FAILED?MAIN
   +-->?STR?STM8S_TIM4

?PR??TIM4_CLEARFLAG?STM8S_TIM4
   +-->?PR??ASSERT_FAILED?MAIN
   +-->?STR?STM8S_TIM4

?PR??TIM4_GETITSTATUS?STM8S_TIM4
   +-->?PR??ASSERT_FAILED?MAIN
   +-->?STR?STM8S_TIM4

?PR??TIM4_CLEARITPENDINGBIT?STM8S_TIM4
   +-->?PR??ASSERT_FAILED?MAIN
   +-->?STR?STM8S_TIM4


SYMBOL TABLE FOR C:\USERS\SRAVI\DOWNLOADS\E1M2_0036\E1M2_0036\MAIN_APP\BIN\E1M2_0036.AOF(STM8S_UART1)
------------------------------------------------------------------------------------------------------

	VALUE              TYPE               NAME
	-----              ----               ----

	----------         TranslatorMod-ST7  STM8S_UART1
	  C:009B79H        PUBLIC             ?UART1_GetFlagStatus
	  C:009B79H        SYMBOL             ?UART1_GetFlagStatus
	  T:000000H        SYMBOL             UART1_IT_TypeDef
	  T:000000H        SYMBOL             UART1_Flag_TypeDef
	  T:000000H        SYMBOL             UART1_Mode_TypeDef
	  T:000000H        SYMBOL             UART1_WordLength_TypeDef
	  T:000000H        SYMBOL             UART1_SyncMode_TypeDef
	  T:000000H        SYMBOL             UART1_Parity_TypeDef
	  T:000000H        SYMBOL             UART1_StopBits_TypeDef
	  T:000000H        SYMBOL             UART1_LINBreakDetectionLength_TypeDef
	  T:000000H        SYMBOL             UART1_WakeUp_TypeDef
	  T:000000H        SYMBOL             UART1_IrDAMode_TypeDef
	  T:000000H        SYMBOL             _fctptr_t
	  T:000000H        SYMBOL             RST_Flag_TypeDef
	  T:000000H        SYMBOL             IWDG_Prescaler_TypeDef
	  T:000000H        SYMBOL             IWDG_WriteAccess_TypeDef
	  T:000000H        SYMBOL             ITC_PriorityLevel_TypeDef
	  T:000000H        SYMBOL             ITC_Irq_TypeDef
	  T:000000H        SYMBOL             GPIO_Pin_TypeDef
	  T:000000H        SYMBOL             GPIO_Mode_TypeDef
	  T:000000H        SYMBOL             EXTI_Port_TypeDef
	  T:000000H        SYMBOL             EXTI_TLISensitivity_TypeDef
	  T:000000H        SYMBOL             EXTI_Sensitivity_TypeDef
	  T:000000H        SYMBOL             CLK_SWIMDivider_TypeDef
	  T:000000H        SYMBOL             CLK_Prescaler_TypeDef
	  T:000000H        SYMBOL             CLK_IT_TypeDef
	  T:000000H        SYMBOL             CLK_Flag_TypeDef
	  T:000000H        SYMBOL             CLK_Peripheral_TypeDef
	  T:000000H        SYMBOL             CLK_Output_TypeDef
	  T:000000H        SYMBOL             CLK_HSITrimValue_TypeDef
	  T:000000H        SYMBOL             CLK_Source_TypeDef
	  T:000000H        SYMBOL             CLK_CSSConfig_TypeDef
	  T:000000H        SYMBOL             CLK_CurrentClockState_TypeDef
	  T:000000H        SYMBOL             CLK_SwitchMode_TypeDef
	  T:000000H        SYMBOL             CAN_ErrorCode_TypeDef
	  T:000000H        SYMBOL             CAN_ST7Compatibility_TypeDef
	  T:000000H        SYMBOL             CAN_IT_TypeDef
	  T:000000H        SYMBOL             CAN_FLAG_TypeDef
	  T:000000H        SYMBOL             CAN_WakeUp_TypeDef
	  T:000000H        SYMBOL             CAN_Sleep_TypeDef
	  T:000000H        SYMBOL             CAN_TxStatus_TypeDef
	  T:000000H        SYMBOL             CAN_RTR_TypeDef
	  T:000000H        SYMBOL             CAN_Id_TypeDef
	  T:000000H        SYMBOL             CAN_NbrPendingMessage_TypeDef
	  T:000000H        SYMBOL             CAN_TransmitMailBox_TypeDef
	  T:000000H        SYMBOL             CAN_FilterScale_TypeDef
	  T:000000H        SYMBOL             CAN_FilterMode_TypeDef
	  T:000000H        SYMBOL             CAN_FilterNumber_TypeDef
	  T:000000H        SYMBOL             CAN_BitSeg2_TypeDef
	  T:000000H        SYMBOL             CAN_BitSeg1_TypeDef
	  T:000000H        SYMBOL             CAN_SynJumpWidth_TypeDef
	  T:000000H        SYMBOL             CAN_Mode_TypeDef
	  T:000000H        SYMBOL             CAN_MasterCtrl_TypeDef
	  T:000000H        SYMBOL             CAN_ModeStatus_TypeDef
	  T:000000H        SYMBOL             CAN_OperatingMode_TypeDef
	  T:000000H        SYMBOL             CAN_InitStatus_TypeDef
	  T:000000H        SYMBOL             CAN_Page_TypeDef
	  T:000000H        SYMBOL             CFG_TypeDef
	  T:000000H        SYMBOL             CAN_TypeDef
	  T:000000H        SYMBOL             UART3_TypeDef
	  T:000000H        SYMBOL             UART2_TypeDef
	  T:000000H        SYMBOL             UART1_TypeDef
	  T:000000H        SYMBOL             SPI_TypeDef
	  T:000000H        SYMBOL             RST_TypeDef
	  T:000000H        SYMBOL             WWDG_TypeDef
	  T:000000H        SYMBOL             IWDG_TypeDef
	  T:000000H        SYMBOL             OPT_TypeDef
	  T:000000H        SYMBOL             FLASH_TypeDef
	  T:000000H        SYMBOL             EXTI_TypeDef
	  T:000000H        SYMBOL             ITC_TypeDef
	  T:000000H        SYMBOL             I2C_TypeDef
	  T:000000H        SYMBOL             TIM6_TypeDef
	  T:000000H        SYMBOL             TIM5_TypeDef
	  T:000000H        SYMBOL             TIM4_TypeDef
	  T:000000H        SYMBOL             TIM3_TypeDef
	  T:000000H        SYMBOL             TIM2_TypeDef
	  T:000000H        SYMBOL             TIM1_TypeDef
	  T:000000H        SYMBOL             CLK_TypeDef
	  T:000000H        SYMBOL             BEEP_TypeDef
	  T:000000H        SYMBOL             AWU_TypeDef
	  T:000000H        SYMBOL             ADC2_TypeDef
	  T:000000H        SYMBOL             GPIO_TypeDef
	  T:000000H        SYMBOL             ErrorStatus
	  T:000000H        SYMBOL             FunctionalState
	  T:000000H        SYMBOL             BitAction
	  T:000000H        SYMBOL             BitStatus
	  T:000000H        SYMBOL             ITStatus
	  T:000000H        SYMBOL             FlagStatus
	  T:000000H        SYMBOL             bool
	  T:000000H        SYMBOL             u8
	  T:000000H        SYMBOL             u16
	  T:000000H        SYMBOL             u32
	  T:000000H        SYMBOL             s8
	  T:000000H        SYMBOL             s16
	  T:000000H        SYMBOL             s32
	  T:000000H        SYMBOL             uint32_t
	  T:000000H        SYMBOL             uint16_t
	  T:000000H        SYMBOL             uint8_t
	  T:000000H        SYMBOL             int32_t
	  T:000000H        SYMBOL             int16_t
	  T:000000H        SYMBOL             int8_t
	  N:000FFEH        SYMBOL             _ICE_DUMMY_
	----------         PROC-ST7           ?PR??UART1_DEINIT?STM8S_UART1
	----------         ENDPROC-ST7        
	----------         PROC-ST7           ?PR??UART1_INIT?STM8S_UART1
	  S:000010H        SYMBOL             BaudRate
	  S:00000FH        SYMBOL             WordLength
	  S:000011H        SYMBOL             StopBits
	  S:000013H        SYMBOL             Parity
	  S:000015H        SYMBOL             SyncMode
	  S:000017H        SYMBOL             Mode
	  S:000001H        SYMBOL             BaudRate_Mantissa
	  S:000005H        SYMBOL             BaudRate_Mantissa100
	----------         ENDPROC-ST7        
	----------         PROC-ST7           ?PR??UART1_CMD?STM8S_UART1
	OPT:000000H        SYMBOL             NewState
	----------         ENDPROC-ST7        
	----------         PROC-ST7           ?PR??UART1_ITCONFIG?STM8S_UART1
	  S:000003H        SYMBOL             UART1_IT
	  S:000007H        SYMBOL             NewState
	  S:000001H        SYMBOL             uartreg
	  S:000002H        SYMBOL             itpos
	----------         ENDPROC-ST7        
	----------         PROC-ST7           ?PR??UART1_HALFDUPLEXCMD?STM8S_UART1
	OPT:000000H        SYMBOL             NewState
	----------         ENDPROC-ST7        
	----------         PROC-ST7           ?PR??UART1_IRDACONFIG?STM8S_UART1
	OPT:000000H        SYMBOL             UART1_IrDAMode
	----------         ENDPROC-ST7        
	----------         PROC-ST7           ?PR??UART1_IRDACMD?STM8S_UART1
	OPT:000000H        SYMBOL             NewState
	----------         ENDPROC-ST7        
	----------         PROC-ST7           ?PR??UART1_LINBREAKDETECTIONCONFIG?STM8S_UART1
	OPT:000000H        SYMBOL             UART1_LINBreakDetectionLength
	----------         ENDPROC-ST7        
	----------         PROC-ST7           ?PR??UART1_LINCMD?STM8S_UART1
	OPT:000000H        SYMBOL             NewState
	----------         ENDPROC-ST7        
	----------         PROC-ST7           ?PR??UART1_SMARTCARDCMD?STM8S_UART1
	OPT:000000H        SYMBOL             NewState
	----------         ENDPROC-ST7        
	----------         PROC-ST7           ?PR??UART1_SMARTCARDNACKCMD?STM8S_UART1
	OPT:000000H        SYMBOL             NewState
	----------         ENDPROC-ST7        
	----------         PROC-ST7           ?PR??UART1_WAKEUPCONFIG?STM8S_UART1
	OPT:000000H        SYMBOL             UART1_WakeUp
	----------         ENDPROC-ST7        
	----------         PROC-ST7           ?PR??UART1_RECEIVERWAKEUPCMD?STM8S_UART1
	OPT:000000H        SYMBOL             NewState
	----------         ENDPROC-ST7        
	----------         PROC-ST7           ?PR??UART1_RECEIVEDATA8?STM8S_UART1
	----------         ENDPROC-ST7        
	----------         PROC-ST7           ?PR??UART1_RECEIVEDATA9?STM8S_UART1
	  S:000001H        SYMBOL             temp
	----------         ENDPROC-ST7        
	----------         PROC-ST7           ?PR??UART1_SENDDATA8?STM8S_UART1
	  S:000001H        SYMBOL             Data
	----------         ENDPROC-ST7        
	----------         PROC-ST7           ?PR??UART1_SENDDATA9?STM8S_UART1
	OPT:000000H        SYMBOL             Data
	----------         ENDPROC-ST7        
	----------         PROC-ST7           ?PR??UART1_SENDBREAK?STM8S_UART1
	----------         ENDPROC-ST7        
	----------         PROC-ST7           ?PR??UART1_SETADDRESS?STM8S_UART1
	  S:000001H        SYMBOL             UART1_Address
	----------         ENDPROC-ST7        
	----------         PROC-ST7           ?PR??UART1_SETGUARDTIME?STM8S_UART1
	  S:000001H        SYMBOL             UART1_GuardTime
	----------         ENDPROC-ST7        
	----------         PROC-ST7           ?PR??UART1_SETPRESCALER?STM8S_UART1
	  S:000001H        SYMBOL             UART1_Prescaler
	----------         ENDPROC-ST7        
	----------         PROC-ST7           ?PR??UART1_GETFLAGSTATUS?STM8S_UART1
	OPT:000000H        SYMBOL             UART1_FLAG
	  S:000001H        SYMBOL             status
	  C:009B79H        LINE#              524
	  C:009B7AH        LINE#              529
	  C:009B7FH        LINE#              531
	  C:009B87H        LINE#              534
	  C:009B8DH        LINE#              539
	  C:009B91H        LINE#              542
	  C:009B96H        LINE#              544
	  C:009B9EH        LINE#              547
	  C:009BA4H        LINE#              552
	  C:009BA8H        LINE#              557
	  C:009BB0H        LINE#              560
	  C:009BB6H        LINE#              565
	  C:009BB8H        LINE#              570
	----------         ENDPROC-ST7        
	----------         PROC-ST7           ?PR??UART1_CLEARFLAG?STM8S_UART1
	OPT:000000H        SYMBOL             UART1_FLAG
	----------         ENDPROC-ST7        
	----------         PROC-ST7           ?PR??UART1_GETITSTATUS?STM8S_UART1
	  S:000007H        SYMBOL             UART1_IT
	  S:000001H        SYMBOL             pendingbitstatus
	  S:000003H        SYMBOL             itpos
	  S:000004H        SYMBOL             itmask1
	  S:000005H        SYMBOL             itmask2
	  S:000006H        SYMBOL             enablestatus
	----------         ENDPROC-ST7        
	----------         PROC-ST7           ?PR??UART1_CLEARITPENDINGBIT?STM8S_UART1
	OPT:000000H        SYMBOL             UART1_IT
	----------         ENDPROC-ST7        
	----------         EndModule-ST7      
	----------         TranslatorMod-ST7  MAIN
	  C:009B35H        PUBLIC             main
	  D:00000CH        PUBLIC             Tx_Id
	  D:000087H        PUBLIC             Tx_Data
	  D:00000BH        PUBLIC             Tx_DLC
	  D:000085H        PUBLIC             Tx_RTR
	  D:000083H        PUBLIC             Tx_IDE
	  D:000082H        PUBLIC             keys_learned
	  D:000081H        PUBLIC             number_of_remotes_programmed_to_vehicle
	  D:000080H        PUBLIC             programming_step
	  D:00007FH        PUBLIC             number_of_dongle_uses
	  D:000007H        PUBLIC             EEPROM_address_of_dongle_uses
	  D:000006H        PUBLIC             CAN_cofig_baud
	  C:0084D9H        PUBLIC             ?Program_Sequence?MAIN?S
	  C:009D22H        PUBLIC             ?flash_process?MAIN?S
	  C:0096F9H        PUBLIC             ?check_dorman_rights?MAIN?S
	  D:00007EH        PUBLIC             dorman_flag
	  D:000000H        PUBLIC             test_char_t1
	  C:008181H        PUBLIC             nose
	  C:00813AH        PUBLIC             dorman_ver
	  C:008100H        PUBLIC             dorman
	  C:009D50H        PUBLIC             ?wait_time
	  C:009D77H        PUBLIC             ?Delay
	  C:009C90H        PUBLIC             ?GPIO_Config
	  C:009BF1H        PUBLIC             ?CAN_Config
	  C:009D89H        PUBLIC             ?CLK_Config
	  C:008475H        PUBLIC             ?assert_failed
	  C:009B35H        SYMBOL             main
	  D:00000CH        SYMBOL             Tx_Id
	  D:000087H        SYMBOL             Tx_Data
	  D:00000BH        SYMBOL             Tx_DLC
	  D:000085H        SYMBOL             Tx_RTR
	  D:000083H        SYMBOL             Tx_IDE
	  D:000082H        SYMBOL             keys_learned
	  D:000081H        SYMBOL             number_of_remotes_programmed_to_vehicle
	  D:000080H        SYMBOL             programming_step
	  D:00007FH        SYMBOL             number_of_dongle_uses
	  D:000007H        SYMBOL             EEPROM_address_of_dongle_uses
	  D:000006H        SYMBOL             CAN_cofig_baud
	  C:0084D9H        SYMBOL             ?Program_Sequence?MAIN?S
	  C:009D22H        SYMBOL             ?flash_process?MAIN?S
	  C:0096F9H        SYMBOL             ?check_dorman_rights?MAIN?S
	  D:00007EH        SYMBOL             dorman_flag
	  D:000000H        SYMBOL             test_char_t1
	  C:008181H        SYMBOL             nose
	  C:00813AH        SYMBOL             dorman_ver
	  C:008100H        SYMBOL             dorman
	  T:000000H        SYMBOL             EOL_State
	  T:000000H        SYMBOL             FLASH_Flag_TypeDef
	  T:000000H        SYMBOL             FLASH_Status_TypeDef
	  T:000000H        SYMBOL             FLASH_LPMode_TypeDef
	  T:000000H        SYMBOL             FLASH_ProgramTime_TypeDef
	  T:000000H        SYMBOL             FLASH_ProgramMode_TypeDef
	  T:000000H        SYMBOL             FLASH_MemType_TypeDef
	  T:000000H        SYMBOL             TIM4_IT_TypeDef
	  T:000000H        SYMBOL             TIM4_FLAG_TypeDef
	  T:000000H        SYMBOL             TIM4_EventSource_TypeDef
	  T:000000H        SYMBOL             TIM4_UpdateSource_TypeDef
	  T:000000H        SYMBOL             TIM4_PSCReloadMode_TypeDef
	  T:000000H        SYMBOL             TIM4_OPMode_TypeDef
	  T:000000H        SYMBOL             TIM4_Prescaler_TypeDef
	  C:009D50H        SYMBOL             ?wait_time
	  C:009D77H        SYMBOL             ?Delay
	  C:009C90H        SYMBOL             ?GPIO_Config
	  C:009BF1H        SYMBOL             ?CAN_Config
	  C:009D89H        SYMBOL             ?CLK_Config
	  T:000000H        SYMBOL             _fctptr_t
	  C:008475H        SYMBOL             ?assert_failed
	  T:000000H        SYMBOL             RST_Flag_TypeDef
	  T:000000H        SYMBOL             IWDG_Prescaler_TypeDef
	  T:000000H        SYMBOL             IWDG_WriteAccess_TypeDef
	  T:000000H        SYMBOL             ITC_PriorityLevel_TypeDef
	  T:000000H        SYMBOL             ITC_Irq_TypeDef
	  T:000000H        SYMBOL             GPIO_Pin_TypeDef
	  T:000000H        SYMBOL             GPIO_Mode_TypeDef
	  T:000000H        SYMBOL             EXTI_Port_TypeDef
	  T:000000H        SYMBOL             EXTI_TLISensitivity_TypeDef
	  T:000000H        SYMBOL             EXTI_Sensitivity_TypeDef
	  T:000000H        SYMBOL             CLK_SWIMDivider_TypeDef
	  T:000000H        SYMBOL             CLK_Prescaler_TypeDef
	  T:000000H        SYMBOL             CLK_IT_TypeDef
	  T:000000H        SYMBOL             CLK_Flag_TypeDef
	  T:000000H        SYMBOL             CLK_Peripheral_TypeDef
	  T:000000H        SYMBOL             CLK_Output_TypeDef
	  T:000000H        SYMBOL             CLK_HSITrimValue_TypeDef
	  T:000000H        SYMBOL             CLK_Source_TypeDef
	  T:000000H        SYMBOL             CLK_CSSConfig_TypeDef
	  T:000000H        SYMBOL             CLK_CurrentClockState_TypeDef
	  T:000000H        SYMBOL             CLK_SwitchMode_TypeDef
	  T:000000H        SYMBOL             CAN_ErrorCode_TypeDef
	  T:000000H        SYMBOL             CAN_ST7Compatibility_TypeDef
	  T:000000H        SYMBOL             CAN_IT_TypeDef
	  T:000000H        SYMBOL             CAN_FLAG_TypeDef
	  T:000000H        SYMBOL             CAN_WakeUp_TypeDef
	  T:000000H        SYMBOL             CAN_Sleep_TypeDef
	  T:000000H        SYMBOL             CAN_TxStatus_TypeDef
	  T:000000H        SYMBOL             CAN_RTR_TypeDef
	  T:000000H        SYMBOL             CAN_Id_TypeDef
	  T:000000H        SYMBOL             CAN_NbrPendingMessage_TypeDef
	  T:000000H        SYMBOL             CAN_TransmitMailBox_TypeDef
	  T:000000H        SYMBOL             CAN_FilterScale_TypeDef
	  T:000000H        SYMBOL             CAN_FilterMode_TypeDef
	  T:000000H        SYMBOL             CAN_FilterNumber_TypeDef
	  T:000000H        SYMBOL             CAN_BitSeg2_TypeDef
	  T:000000H        SYMBOL             CAN_BitSeg1_TypeDef
	  T:000000H        SYMBOL             CAN_SynJumpWidth_TypeDef
	  T:000000H        SYMBOL             CAN_Mode_TypeDef
	  T:000000H        SYMBOL             CAN_MasterCtrl_TypeDef
	  T:000000H        SYMBOL             CAN_ModeStatus_TypeDef
	  T:000000H        SYMBOL             CAN_OperatingMode_TypeDef
	  T:000000H        SYMBOL             CAN_InitStatus_TypeDef
	  T:000000H        SYMBOL             CAN_Page_TypeDef
	  T:000000H        SYMBOL             CFG_TypeDef
	  T:000000H        SYMBOL             CAN_TypeDef
	  T:000000H        SYMBOL             UART3_TypeDef
	  T:000000H        SYMBOL             UART2_TypeDef
	  T:000000H        SYMBOL             UART1_TypeDef
	  T:000000H        SYMBOL             SPI_TypeDef
	  T:000000H        SYMBOL             RST_TypeDef
	  T:000000H        SYMBOL             WWDG_TypeDef
	  T:000000H        SYMBOL             IWDG_TypeDef
	  T:000000H        SYMBOL             OPT_TypeDef
	  T:000000H        SYMBOL             FLASH_TypeDef
	  T:000000H        SYMBOL             EXTI_TypeDef
	  T:000000H        SYMBOL             ITC_TypeDef
	  T:000000H        SYMBOL             I2C_TypeDef
	  T:000000H        SYMBOL             TIM6_TypeDef
	  T:000000H        SYMBOL             TIM5_TypeDef
	  T:000000H        SYMBOL             TIM4_TypeDef
	  T:000000H        SYMBOL             TIM3_TypeDef
	  T:000000H        SYMBOL             TIM2_TypeDef
	  T:000000H        SYMBOL             TIM1_TypeDef
	  T:000000H        SYMBOL             CLK_TypeDef
	  T:000000H        SYMBOL             BEEP_TypeDef
	  T:000000H        SYMBOL             AWU_TypeDef
	  T:000000H        SYMBOL             ADC2_TypeDef
	  T:000000H        SYMBOL             GPIO_TypeDef
	  T:000000H        SYMBOL             ErrorStatus
	  T:000000H        SYMBOL             FunctionalState
	  T:000000H        SYMBOL             BitAction
	  T:000000H        SYMBOL             BitStatus
	  T:000000H        SYMBOL             ITStatus
	  T:000000H        SYMBOL             FlagStatus
	  T:000000H        SYMBOL             bool
	  T:000000H        SYMBOL             u8
	  T:000000H        SYMBOL             u16
	  T:000000H        SYMBOL             u32
	  T:000000H        SYMBOL             s8
	  T:000000H        SYMBOL             s16
	  T:000000H        SYMBOL             s32
	  T:000000H        SYMBOL             uint32_t
	  T:000000H        SYMBOL             uint16_t
	  T:000000H        SYMBOL             uint8_t
	  T:000000H        SYMBOL             int32_t
	  T:000000H        SYMBOL             int16_t
	  T:000000H        SYMBOL             int8_t
	  N:000FFEH        SYMBOL             _ICE_DUMMY_
	----------         PROC-ST7           ?PR?MAIN?MAIN
	  C:009B35H        LINE#              53
	  C:009B35H        LINE#              56
	  C:009B38H        LINE#              59
	  C:009B3BH        LINE#              62
	  C:009B3EH        LINE#              65
	  C:009B41H        LINE#              68
	  C:009B45H        LINE#              69
	  C:009B49H        LINE#              70
	  C:009B4DH        LINE#              71
	  C:009B51H        LINE#              72
	  C:009B55H        LINE#              73
	  C:009B59H        LINE#              76
	  C:009B5CH        LINE#              79
	  C:009B5DH        LINE#              82
	  C:009B60H        LINE#              87
	  C:009B66H        LINE#              93
	  C:009B6AH        LINE#              97
	  C:009B73H        LINE#              99
	  C:009B78H        LINE#              108
	----------         ENDPROC-ST7        
	----------         PROC-ST7           ?PR??CHECK_DORMAN_RIGHTS?MAIN?S?MAIN
	  S:000001H        SYMBOL             check_char
	  C:0096F9H        LINE#              111
	  C:0096FBH        LINE#              113
	  C:009708H        LINE#              114
	  C:00970DH        LINE#              115
	  C:009712H        LINE#              116
	  C:009717H        LINE#              117
	  C:00971CH        LINE#              118
	  C:009721H        LINE#              119
	  C:009726H        LINE#              123
	  C:00972AH        LINE#              130
	  C:00977FH        LINE#              135
	  C:009785H        LINE#              139
	  C:009786H        LINE#              141
	----------         ENDPROC-ST7        
	----------         PROC-ST7           ?PR??FLASH_PROCESS?MAIN?S?MAIN
	  C:009D22H        LINE#              144
	  C:009D22H        LINE#              147
	  C:009D26H        LINE#              150
	  C:009D2CH        LINE#              153
	  C:009D39H        LINE#              154
	----------         ENDPROC-ST7        
	----------         PROC-ST7           ?PR??CLK_CONFIG?MAIN
	  C:009D89H        LINE#              157
	  C:009D89H        LINE#              159
	  C:009D8AH        LINE#              160
	----------         ENDPROC-ST7        
	----------         PROC-ST7           ?PR??CAN_CONFIG?MAIN
	  S:000001H        SYMBOL             status
	OPT:000000H        SYMBOL             CAN_FilterNumber
	OPT:000000H        SYMBOL             CAN_FilterActivation
	OPT:000000H        SYMBOL             CAN_FilterMode
	OPT:000000H        SYMBOL             CAN_FilterScale
	OPT:000000H        SYMBOL             CAN_FilterID1
	OPT:000000H        SYMBOL             CAN_FilterID2
	OPT:000000H        SYMBOL             CAN_FilterID3
	OPT:000000H        SYMBOL             CAN_FilterID4
	OPT:000000H        SYMBOL             CAN_FilterIDMask1
	OPT:000000H        SYMBOL             CAN_FilterIDMask2
	OPT:000000H        SYMBOL             CAN_FilterIDMask3
	OPT:000000H        SYMBOL             CAN_FilterIDMask4
	OPT:000000H        SYMBOL             CAN_MasterCtrl
	OPT:000000H        SYMBOL             CAN_Mode
	OPT:000000H        SYMBOL             CAN_SynJumpWidth
	OPT:000000H        SYMBOL             CAN_BitSeg1
	OPT:000000H        SYMBOL             CAN_BitSeg2
	  S:000003H        SYMBOL             CAN_Prescaler
	  C:009BF1H        LINE#              163
	  C:009BF3H        LINE#              190
	  C:009BF6H        LINE#              198
	  C:009BF8H        LINE#              200
	  C:009C09H        LINE#              218
	  C:009C1CH        LINE#              222
	  C:009C24H        LINE#              223
	----------         ENDPROC-ST7        
	----------         PROC-ST7           ?PR??GPIO_CONFIG?MAIN
	  C:009C90H        LINE#              226
	  C:009C90H        LINE#              229
	  C:009C94H        LINE#              230
	  C:009C98H        LINE#              231
	  C:009C9CH        LINE#              232
	  C:009CA0H        LINE#              235
	  C:009CA4H        LINE#              236
	  C:009CA8H        LINE#              237
	  C:009CACH        LINE#              238
	  C:009CB0H        LINE#              242
	  C:009CB4H        LINE#              243
	  C:009CB8H        LINE#              244
	  C:009CBCH        LINE#              245
	----------         ENDPROC-ST7        
	----------         PROC-ST7           ?PR??DELAY?MAIN
	OPT:000000H        SYMBOL             nCount
	  C:009D77H        LINE#              248
	  C:009D77H        LINE#              251
	  C:009D7DH        LINE#              252
	----------         ENDPROC-ST7        
	----------         PROC-ST7           ?PR??WAIT_TIME?MAIN
	  S:000002H        SYMBOL             xcount
	  S:000001H        SYMBOL             l_ct
	  C:009D50H        LINE#              254
	  C:009D51H        LINE#              257
	  C:009D59H        LINE#              259
	  C:009D5FH        LINE#              257
	  C:009D63H        LINE#              261
	----------         ENDPROC-ST7        
	----------         PROC-ST7           ?PR??ASSERT_FAILED?MAIN
	  C:008475H        LINE#              274
	  C:008475H        LINE#              276
	----------         ENDPROC-ST7        
	----------         PROC-ST7           ?PR??PROGRAM_SEQUENCE?MAIN?S?MAIN
	  C:0084D9H        LINE#              280
	  C:0084D9H        LINE#              282
	  C:008527H        LINE#              288
	  C:00852BH        LINE#              289
	  C:00852FH        LINE#              290
	  C:008533H        LINE#              291
	  C:008537H        LINE#              292
	  C:008539H        LINE#              293
	  C:00853BH        LINE#              294
	  C:00853DH        LINE#              295
	  C:00853FH        LINE#              297
	  C:008544H        LINE#              298
	  C:00855CH        LINE#              299
	  C:008561H        LINE#              302
	  C:008569H        LINE#              304
	  C:00856BH        LINE#              307
	  C:008571H        LINE#              310
	  C:00857CH        LINE#              314
	  C:008597H        LINE#              316
	  C:00859AH        LINE#              318
	  C:00859CH        LINE#              323
	  C:00859DH        LINE#              330
	  C:0085A1H        LINE#              331
	  C:0085A5H        LINE#              332
	  C:0085A9H        LINE#              333
	  C:0085ADH        LINE#              334
	  C:0085AFH        LINE#              335
	  C:0085B1H        LINE#              336
	  C:0085B3H        LINE#              337
	  C:0085B5H        LINE#              339
	  C:0085BAH        LINE#              340
	  C:0085D2H        LINE#              341
	  C:0085D7H        LINE#              344
	  C:0085DFH        LINE#              346
	  C:0085E1H        LINE#              349
	  C:0085FCH        LINE#              352
	  C:008601H        LINE#              354
	  C:008603H        LINE#              357
	  C:008607H        LINE#              358
	  C:00860CH        LINE#              359
	  C:008610H        LINE#              365
	  C:008611H        LINE#              372
	  C:008615H        LINE#              373
	  C:008619H        LINE#              374
	  C:00861DH        LINE#              375
	  C:008621H        LINE#              376
	  C:008623H        LINE#              377
	  C:008625H        LINE#              378
	  C:008627H        LINE#              379
	  C:008629H        LINE#              381
	  C:00862EH        LINE#              382
	  C:008646H        LINE#              383
	  C:00864BH        LINE#              386
	  C:008653H        LINE#              388
	  C:008655H        LINE#              391
	  C:008670H        LINE#              394
	  C:008675H        LINE#              396
	  C:008677H        LINE#              399
	  C:00867BH        LINE#              400
	  C:008680H        LINE#              401
	  C:008684H        LINE#              407
	  C:008685H        LINE#              414
	  C:008689H        LINE#              415
	  C:00868DH        LINE#              416
	  C:008691H        LINE#              417
	  C:008695H        LINE#              418
	  C:008697H        LINE#              419
	  C:008699H        LINE#              420
	  C:00869BH        LINE#              421
	  C:00869DH        LINE#              423
	  C:0086A2H        LINE#              424
	  C:0086BAH        LINE#              425
	  C:0086BFH        LINE#              428
	  C:0086C7H        LINE#              430
	  C:0086C9H        LINE#              433
	  C:0086E4H        LINE#              436
	  C:0086EAH        LINE#              438
	  C:0086EDH        LINE#              441
	  C:0086F3H        LINE#              444
	  C:0086F8H        LINE#              447
	  C:008701H        LINE#              450
	  C:008705H        LINE#              453
	  C:008709H        LINE#              456
	  C:00870DH        LINE#              457
	  C:008712H        LINE#              458
	  C:008716H        LINE#              459
	  C:00871BH        LINE#              460
	  C:00871FH        LINE#              461
	  C:008724H        LINE#              462
	  C:008728H        LINE#              467
	  C:008729H        LINE#              474
	  C:00872DH        LINE#              475
	  C:008731H        LINE#              476
	  C:008735H        LINE#              477
	  C:008737H        LINE#              478
	  C:008739H        LINE#              479
	  C:00873BH        LINE#              480
	  C:00873DH        LINE#              481
	  C:00873FH        LINE#              483
	  C:008744H        LINE#              484
	  C:00875CH        LINE#              485
	  C:008761H        LINE#              488
	  C:008769H        LINE#              490
	  C:00876BH        LINE#              493
	  C:008775H        LINE#              496
	  C:00877AH        LINE#              498
	  C:00878CH        LINE#              503
	  C:00878FH        LINE#              512
	  C:008793H        LINE#              513
	  C:008797H        LINE#              514
	  C:00879BH        LINE#              515
	  C:00879FH        LINE#              516
	  C:0087A1H        LINE#              517
	  C:0087A3H        LINE#              518
	  C:0087A5H        LINE#              519
	  C:0087A7H        LINE#              521
	  C:0087ACH        LINE#              522
	  C:0087C4H        LINE#              523
	  C:0087C9H        LINE#              526
	  C:0087D1H        LINE#              528
	  C:0087D3H        LINE#              531
	  C:0087EDH        LINE#              533
	  C:0087EFH        LINE#              536
	  C:0087F3H        LINE#              537
	  C:0087F8H        LINE#              538
	  C:0087FCH        LINE#              541
	  C:008800H        LINE#              545
	  C:008801H        LINE#              552
	  C:008805H        LINE#              553
	  C:008809H        LINE#              554
	  C:00880DH        LINE#              555
	  C:008811H        LINE#              556
	  C:008813H        LINE#              557
	  C:008815H        LINE#              558
	  C:008817H        LINE#              559
	  C:008819H        LINE#              561
	  C:00881EH        LINE#              562
	  C:008836H        LINE#              563
	  C:00883BH        LINE#              566
	  C:008843H        LINE#              568
	  C:008845H        LINE#              571
	  C:008860H        LINE#              574
	  C:008866H        LINE#              577
	  C:00886BH        LINE#              580
	  C:00886FH        LINE#              581
	  C:008874H        LINE#              585
	  C:00887DH        LINE#              588
	  C:008881H        LINE#              594
	  C:008882H        LINE#              601
	  C:008886H        LINE#              602
	  C:00888AH        LINE#              603
	  C:00888CH        LINE#              604
	  C:008890H        LINE#              605
	  C:008894H        LINE#              606
	  C:008896H        LINE#              607
	  C:008898H        LINE#              608
	  C:00889AH        LINE#              610
	  C:00889FH        LINE#              611
	  C:0088B7H        LINE#              612
	  C:0088BCH        LINE#              615
	  C:0088C4H        LINE#              617
	  C:0088C6H        LINE#              620
	  C:0088DFH        LINE#              626
	  C:0088E2H        LINE#              633
	  C:0088E6H        LINE#              634
	  C:0088EAH        LINE#              635
	  C:0088EEH        LINE#              636
	  C:0088F2H        LINE#              637
	  C:0088F4H        LINE#              638
	  C:0088F6H        LINE#              639
	  C:0088F8H        LINE#              640
	  C:0088FAH        LINE#              642
	  C:0088FFH        LINE#              643
	  C:008917H        LINE#              644
	  C:00891CH        LINE#              647
	  C:008924H        LINE#              649
	  C:008926H        LINE#              652
	  C:008941H        LINE#              655
	  C:008943H        LINE#              662
	  C:008945H        LINE#              669
	  C:008949H        LINE#              670
	  C:00894DH        LINE#              671
	  C:008951H        LINE#              672
	  C:008955H        LINE#              673
	  C:008957H        LINE#              674
	  C:008959H        LINE#              675
	  C:00895BH        LINE#              676
	  C:00895DH        LINE#              678
	  C:008962H        LINE#              679
	  C:00897AH        LINE#              680
	  C:00897FH        LINE#              683
	  C:008987H        LINE#              685
	  C:008989H        LINE#              688
	  C:0089A4H        LINE#              690
	  C:0089A6H        LINE#              706
	  C:0089A9H        LINE#              713
	  C:0089ADH        LINE#              714
	  C:0089B1H        LINE#              715
	  C:0089B5H        LINE#              716
	  C:0089B9H        LINE#              717
	  C:0089BBH        LINE#              718
	  C:0089BDH        LINE#              719
	  C:0089BFH        LINE#              720
	  C:0089C1H        LINE#              722
	  C:0089C6H        LINE#              723
	  C:0089DEH        LINE#              724
	  C:0089E3H        LINE#              727
	  C:0089EBH        LINE#              729
	  C:0089EDH        LINE#              732
	  C:0089FFH        LINE#              735
	  C:008A04H        LINE#              738
	  C:008A08H        LINE#              743
	  C:008A0CH        LINE#              746
	  C:008A10H        LINE#              747
	  C:008A15H        LINE#              748
	  C:008A1AH        LINE#              753
	  C:008A20H        LINE#              755
	  C:008A25H        LINE#              758
	  C:008A34H        LINE#              760
	  C:008A38H        LINE#              762
	  C:008A3AH        LINE#              765
	  C:008A3EH        LINE#              766
[...]
	  T:000000H        SYMBOL             CAN_Sleep_TypeDef
	  T:000000H        SYMBOL             CAN_TxStatus_TypeDef
	  T:000000H        SYMBOL             CAN_RTR_TypeDef
	  T:000000H        SYMBOL             CAN_Id_TypeDef
	  T:000000H        SYMBOL             CAN_NbrPendingMessage_TypeDef
	  T:000000H        SYMBOL             CAN_TransmitMailBox_TypeDef
	  T:000000H        SYMBOL             CAN_FilterScale_TypeDef
	  T:000000H        SYMBOL             CAN_FilterMode_TypeDef
	  T:000000H        SYMBOL             CAN_FilterNumber_TypeDef
	  T:000000H        SYMBOL             CAN_BitSeg2_TypeDef
	  T:000000H        SYMBOL             CAN_BitSeg1_TypeDef
	  T:000000H        SYMBOL             CAN_SynJumpWidth_TypeDef
	  T:000000H        SYMBOL             CAN_Mode_TypeDef
	  T:000000H        SYMBOL             CAN_MasterCtrl_TypeDef
	  T:000000H        SYMBOL             CAN_ModeStatus_TypeDef
	  T:000000H        SYMBOL             CAN_OperatingMode_TypeDef
	  T:000000H        SYMBOL             CAN_InitStatus_TypeDef
	  T:000000H        SYMBOL             CAN_Page_TypeDef
	  T:000000H        SYMBOL             CFG_TypeDef
	  T:000000H        SYMBOL             CAN_TypeDef
	  T:000000H        SYMBOL             UART3_TypeDef
	  T:000000H        SYMBOL             UART2_TypeDef
	  T:000000H        SYMBOL             UART1_TypeDef
	  T:000000H        SYMBOL             SPI_TypeDef
	  T:000000H        SYMBOL             RST_TypeDef
	  T:000000H        SYMBOL             WWDG_TypeDef
	  T:000000H        SYMBOL             IWDG_TypeDef
	  T:000000H        SYMBOL             OPT_TypeDef
	  T:000000H        SYMBOL             FLASH_TypeDef
	  T:000000H        SYMBOL             EXTI_TypeDef
	  T:000000H        SYMBOL             ITC_TypeDef
	  T:000000H        SYMBOL             I2C_TypeDef
	  T:000000H        SYMBOL             TIM6_TypeDef
	  T:000000H        SYMBOL             TIM5_TypeDef
	  T:000000H        SYMBOL             TIM4_TypeDef
	  T:000000H        SYMBOL             TIM3_TypeDef
	  T:000000H        SYMBOL             TIM2_TypeDef
	  T:000000H        SYMBOL             TIM1_TypeDef
	  T:000000H        SYMBOL             CLK_TypeDef
	  T:000000H        SYMBOL             BEEP_TypeDef
	  T:000000H        SYMBOL             AWU_TypeDef
	  T:000000H        SYMBOL             ADC2_TypeDef
	  T:000000H        SYMBOL             GPIO_TypeDef
	  T:000000H        SYMBOL             ErrorStatus
	  T:000000H        SYMBOL             FunctionalState
	  T:000000H        SYMBOL             BitAction
	  T:000000H        SYMBOL             BitStatus
	  T:000000H        SYMBOL             ITStatus
	  T:000000H        SYMBOL             FlagStatus
	  T:000000H        SYMBOL             bool
	  T:000000H        SYMBOL             u8
	  T:000000H        SYMBOL             u16
	  T:000000H        SYMBOL             u32
	  T:000000H        SYMBOL             s8
	  T:000000H        SYMBOL             s16
	  T:000000H        SYMBOL             s32
	  T:000000H        SYMBOL             uint32_t
	  T:000000H        SYMBOL             uint16_t
	  T:000000H        SYMBOL             uint8_t
	  T:000000H        SYMBOL             int32_t
	  T:000000H        SYMBOL             int16_t
	  T:000000H        SYMBOL             int8_t
	  N:000FFEH        SYMBOL             _ICE_DUMMY_
	----------         PROC-ST7           ?PR??TIM4_DEINIT?STM8S_TIM4
	----------         ENDPROC-ST7        
	----------         PROC-ST7           ?PR??TIM4_TIMEBASEINIT?STM8S_TIM4
	  S:000002H        SYMBOL             TIM4_Prescaler
	  S:000001H        SYMBOL             TIM4_Period
	----------         ENDPROC-ST7        
	----------         PROC-ST7           ?PR??TIM4_CMD?STM8S_TIM4
	  S:000001H        SYMBOL             NewState
	----------         ENDPROC-ST7        
	----------         PROC-ST7           ?PR??TIM4_ITCONFIG?STM8S_TIM4
	  S:000001H        SYMBOL             TIM4_IT
	  S:000005H        SYMBOL             NewState
	----------         ENDPROC-ST7        
	----------         PROC-ST7           ?PR??TIM4_UPDATEDISABLECONFIG?STM8S_TIM4
	  S:000001H        SYMBOL             NewState
	----------         ENDPROC-ST7        
	----------         PROC-ST7           ?PR??TIM4_UPDATEREQUESTCONFIG?STM8S_TIM4
	  S:000001H        SYMBOL             TIM4_UpdateSource
	----------         ENDPROC-ST7        
	----------         PROC-ST7           ?PR??TIM4_SELECTONEPULSEMODE?STM8S_TIM4
	  S:000001H        SYMBOL             TIM4_OPMode
	----------         ENDPROC-ST7        
	----------         PROC-ST7           ?PR??TIM4_PRESCALERCONFIG?STM8S_TIM4
	  S:000001H        SYMBOL             Prescaler
	  S:000005H        SYMBOL             TIM4_PSCReloadMode
	----------         ENDPROC-ST7        
	----------         PROC-ST7           ?PR??TIM4_ARRPRELOADCONFIG?STM8S_TIM4
	  S:000001H        SYMBOL             NewState
	----------         ENDPROC-ST7        
	----------         PROC-ST7           ?PR??TIM4_GENERATEEVENT?STM8S_TIM4
	  S:000001H        SYMBOL             TIM4_EventSource
	----------         ENDPROC-ST7        
	----------         PROC-ST7           ?PR??TIM4_SETCOUNTER?STM8S_TIM4
	  S:000001H        SYMBOL             Counter
	----------         ENDPROC-ST7        
	----------         PROC-ST7           ?PR??TIM4_SETAUTORELOAD?STM8S_TIM4
	  S:000001H        SYMBOL             Autoreload
	----------         ENDPROC-ST7        
	----------         PROC-ST7           ?PR??TIM4_GETCOUNTER?STM8S_TIM4
	----------         ENDPROC-ST7        
	----------         PROC-ST7           ?PR??TIM4_GETPRESCALER?STM8S_TIM4
	----------         ENDPROC-ST7        
	----------         PROC-ST7           ?PR??TIM4_GETFLAGSTATUS?STM8S_TIM4
	  S:000003H        SYMBOL             TIM4_FLAG
	  S:000001H        SYMBOL             bitstatus
	----------         ENDPROC-ST7        
	----------         PROC-ST7           ?PR??TIM4_CLEARFLAG?STM8S_TIM4
	  S:000001H        SYMBOL             TIM4_FLAG
	----------         ENDPROC-ST7        
	----------         PROC-ST7           ?PR??TIM4_GETITSTATUS?STM8S_TIM4
	  S:000005H        SYMBOL             TIM4_IT
	  S:000001H        SYMBOL             bitstatus
	  S:000003H        SYMBOL             itstatus
	  S:000004H        SYMBOL             itenable
	----------         ENDPROC-ST7        
	----------         PROC-ST7           ?PR??TIM4_CLEARITPENDINGBIT?STM8S_TIM4
	  S:000001H        SYMBOL             TIM4_IT
	----------         ENDPROC-ST7        
	----------         EndModule-ST7      
	----------         TranslatorMod-ST7  CHARTOL
	  C:008436H        PUBLIC             ?C?uchartol
	  C:00842EH        PUBLIC             ?C?chartol
	----------         PROC-ST7           
	----------         ENDPROC-ST7        
	----------         EndModule-ST7      
	----------         TranslatorMod-ST7  INTTOL
	  C:008236H        PUBLIC             ?C?inttol
	----------         PROC-ST7           
	----------         ENDPROC-ST7        
	----------         EndModule-ST7      
	----------         TranslatorMod-ST7  ACCIX328
	----------         TranslatorMod-ST7  ACCIX328
	----------         PROC-ST7           
	----------         ENDPROC-ST7        
	----------         EndModule-ST7      
	----------         TranslatorMod-ST7  ADD3232
	----------         TranslatorMod-ST7  ADD3232
	----------         PROC-ST7           
	----------         ENDPROC-ST7        
	----------         EndModule-ST7      
	----------         TranslatorMod-ST7  AND3232
	  C:0083EDH        PUBLIC             ?C?and3232
	----------         PROC-ST7           
	----------         ENDPROC-ST7        
	----------         EndModule-ST7      
	----------         TranslatorMod-ST7  DIVU3232
	  C:008288H        PUBLIC             ?C?modu3232
	  C:008293H        PUBLIC             _?divu3216?
	  C:00828CH        PUBLIC             ?C?divu3232
	----------         PROC-ST7           
	----------         ENDPROC-ST7        
	----------         EndModule-ST7      
	----------         TranslatorMod-ST7  MULUIX32
	  C:008390H        PUBLIC             ?C?muluix32
	----------         PROC-ST7           
	----------         ENDPROC-ST7        
	----------         EndModule-ST7      
	----------         TranslatorMod-ST7  ADDIX32
	----------         TranslatorMod-ST7  ADDIX32
	----------         PROC-ST7           
	----------         ENDPROC-ST7        
	----------         EndModule-ST7      
	----------         TranslatorMod-ST7  IX32
	  C:00839CH        PUBLIC             _?lix_entry?
	----------         PROC-ST7           
	----------         ENDPROC-ST7        
	----------         EndModule-ST7      
	----------         TranslatorMod-ST7  MULU3232
	  C:0081A9H        PUBLIC             ?C?mulu3232
	----------         PROC-ST7           
	----------         ENDPROC-ST7        
	----------         EndModule-ST7      
	----------         TranslatorMod-ST7  MV4_BC2ISA
	  C:0083A8H        PUBLIC             ?C?mv4_bc2isa
	----------         PROC-ST7           
	----------         ENDPROC-ST7        
	----------         EndModule-ST7      
	----------         TranslatorMod-ST7  MV4_BC2IX
	  C:00849BH        PUBLIC             ?C?mv4_bc2ix
	----------         PROC-ST7           
	----------         ENDPROC-ST7        
	----------         EndModule-ST7      
	----------         TranslatorMod-ST7  MV4_BC2SK
	  C:008464H        PUBLIC             ?C?mv4_bc2sk
	----------         PROC-ST7           
	----------         ENDPROC-ST7        
	----------         EndModule-ST7      
	----------         TranslatorMod-ST7  MV4_ISA2BC
	  C:0083BFH        PUBLIC             ?C?mv4_isa2bc
	----------         PROC-ST7           
	----------         ENDPROC-ST7        
	----------         EndModule-ST7      
	----------         TranslatorMod-ST7  MV4_IX2BC
	  C:0084A8H        PUBLIC             ?C?mv4_ix2bc
	----------         PROC-ST7           
	----------         ENDPROC-ST7        
	----------         EndModule-ST7      
	----------         TranslatorMod-ST7  MV4_IX2SK
	  C:008419H        PUBLIC             ?C?mv4_ix2sk
	----------         PROC-ST7           
	----------         ENDPROC-ST7        
	----------         EndModule-ST7      
	----------         TranslatorMod-ST7  MV4_NULL2BC
	  C:0084C1H        PUBLIC             ?C?mv4_null2bc
	----------         PROC-ST7           
	----------         ENDPROC-ST7        
	----------         EndModule-ST7      
	----------         TranslatorMod-ST7  MV4_PG2BC
	  C:008440H        PUBLIC             ?C?mv4_pg2bc
	----------         PROC-ST7           
	----------         ENDPROC-ST7        
	----------         EndModule-ST7      
	----------         TranslatorMod-ST7  MV4_PG2IX
	  C:008452H        PUBLIC             ?C?mv4_pg2ix
	----------         PROC-ST7           
	----------         ENDPROC-ST7        
	----------         EndModule-ST7      
	----------         TranslatorMod-ST7  MV4_PG2SK1
	  C:0084CAH        PUBLIC             ?C?mv4_pg2sk1
	----------         PROC-ST7           
	----------         ENDPROC-ST7        
	----------         EndModule-ST7      
	----------         TranslatorMod-ST7  OR3232
	  C:008403H        PUBLIC             ?C?or3232
	----------         PROC-ST7           
	----------         ENDPROC-ST7        
	----------         EndModule-ST7      
	----------         TranslatorMod-ST7  SLL168
	  C:008478H        PUBLIC             ?C?sll168
	----------         PROC-ST7           
	----------         ENDPROC-ST7        
	----------         EndModule-ST7      
	----------         TranslatorMod-ST7  SLL328
	  C:00835CH        PUBLIC             ?C?sll328
	----------         PROC-ST7           
	----------         ENDPROC-ST7        
	----------         EndModule-ST7      
	----------         TranslatorMod-ST7  SUB3232
	  C:0083D6H        PUBLIC             ?C?sub3232
	----------         PROC-ST7           
	----------         ENDPROC-ST7        
	----------         EndModule-ST7      
	----------         TranslatorMod-ST7  SRL328
	  C:008376H        PUBLIC             ?C?srl328
	----------         PROC-ST7           
	----------         ENDPROC-ST7        
	----------         EndModule-ST7      
	----------         TranslatorMod-ST7  CPU3232IX
	  C:0084B5H        PUBLIC             ?C?cpu3232ix
	----------         PROC-ST7           
	----------         ENDPROC-ST7        
	----------         EndModule-ST7      
	----------         TranslatorMod-ST7  _MEMCPY
	  C:00848AH        PUBLIC             ?C?memcpy
	----------         PROC-ST7           
	----------         ENDPROC-ST7        
	----------         EndModule-ST7      
	----------         TranslatorMod-ST7  REGISTERS
	  D:000014H        PUBLIC             ?BH
	  D:000016H        PUBLIC             ?CH
	  D:000015H        PUBLIC             ?BL
	  D:000017H        PUBLIC             ?CL
	----------         EndModule-ST7      
	----------         TranslatorMod-ST7  STARTUP_V_Z
	  C:0080C8H        PUBLIC             CST7_START_V_Z
	----------         PROC-ST7           
	----------         ENDPROC-ST7        
	----------         PROC-ST7           
	----------         ENDPROC-ST7        
	----------         PROC-ST7           
	----------         ENDPROC-ST7        
	----------         PROC-ST7           
	----------         ENDPROC-ST7        
	----------         EndModule-ST7      
	----------         TranslatorMod-ST7  MULUDIVU3232
	----------         TranslatorMod-ST7  MULUDIVU3232
	----------         PROC-ST7           
	----------         ENDPROC-ST7        
	----------         EndModule-ST7      
	----------         TranslatorMod-ST7  ?STATINIT
	  C:009D02H        PUBLIC             ?C_INITSEGSTART
	----------         PROC-ST7           
	----------         ENDPROC-ST7        
	----------         EndModule-ST7      

================================================================================
PROJECT CALL TREE FOR C:\USERS\SRAVI\DOWNLOADS\E1M2_0036\E1M2_0036\MAIN_APP\BIN\E1M2_0036.AOF(STM8S_UART1)
--------------------------------------------------------------------------------
 *** means CALL
 ... means JMP
  KC means 'Known local stack consumption'.
  TO means 'Total stack consumption from the entry point'.
 Remarks:
     1. Values are in HEXADECIMAL format.
     2. SP can be modified by temporary 'PUSH-POP' sequences.
     3. SP is computed starting from its 'original value' for interrupt/trap..
 Displayed stack consumption may be under estimated.
 The real value depends on interrupt priorities. It can be checked
 using the dynamic analysis in the simulator environment.
--------------------------------------------------------------------------------
Initial SP: 17FF
--------------------------------------------------------------------------------
?TRAP_IRQHandler..........................................SP=17F8 KC=000 TO=0007
--------------------------------------------------------------------------------
?AWU_IRQHandler...........................................SP=17F8 KC=000 TO=0007
--------------------------------------------------------------------------------
?CLK_IRQHandler...........................................SP=17F8 KC=000 TO=0007
--------------------------------------------------------------------------------
?EXTI_PORTA_IRQHandler....................................SP=17F8 KC=000 TO=0007
--------------------------------------------------------------------------------
?EXTI_PORTB_IRQHandler....................................SP=17F8 KC=000 TO=0007
--------------------------------------------------------------------------------
?EXTI_PORTC_IRQHandler....................................SP=17F8 KC=000 TO=0007
--------------------------------------------------------------------------------
?EXTI_PORTD_IRQHandler....................................SP=17F8 KC=000 TO=0007
--------------------------------------------------------------------------------
?EXTI_PORTE_IRQHandler....................................SP=17F8 KC=000 TO=0007
--------------------------------------------------------------------------------
?CAN_RX_IRQHandler........................................SP=17F8 KC=000 TO=0007
    |***?CAN_Receive [STM8S_CAN]..........................SP=17E8 KC=00E TO=0017
    |   |***?CAN_FIFORelease [STM8S_CAN]..................SP=17E6 KC=000 TO=0019
    |   |***[SLL328]......................................SP=17E6 + ??? (unknown)
    |   |***[CHARTOL].....................................SP=17E6 + ??? (unknown)
    |   |***?CAN_GetSelectedPage [STM8S_CAN]..............SP=17E6 KC=000 TO=0019
--------------------------------------------------------------------------------
?CAN_TX_IRQHandler........................................SP=17F8 KC=000 TO=0007
--------------------------------------------------------------------------------
?SPI_IRQHandler...........................................SP=17F8 KC=000 TO=0007
--------------------------------------------------------------------------------
?TIM1_UPD_OVF_TRG_BRK_IRQHandler..........................SP=17F8 KC=000 TO=0007
--------------------------------------------------------------------------------
?TIM1_CAP_COM_IRQHandler..................................SP=17F8 KC=000 TO=0007
--------------------------------------------------------------------------------
?TIM2_UPD_OVF_BRK_IRQHandler..............................SP=17F8 KC=000 TO=0007
--------------------------------------------------------------------------------
?TIM2_CAP_COM_IRQHandler..................................SP=17F8 KC=000 TO=0007
--------------------------------------------------------------------------------
?TIM3_UPD_OVF_BRK_IRQHandler..............................SP=17F8 KC=000 TO=0007
--------------------------------------------------------------------------------
?TIM3_CAP_COM_IRQHandler..................................SP=17F8 KC=000 TO=0007
--------------------------------------------------------------------------------
?I2C_IRQHandler...........................................SP=17F8 KC=000 TO=0007
--------------------------------------------------------------------------------
?UART3_TX_IRQHandler......................................SP=17F8 KC=000 TO=0007
--------------------------------------------------------------------------------
?UART3_RX_IRQHandler......................................SP=17F8 KC=000 TO=0007
--------------------------------------------------------------------------------
?ADC2_IRQHandler..........................................SP=17F8 KC=000 TO=0007
--------------------------------------------------------------------------------
?TIM4_UPD_OVF_IRQHandler..................................SP=17F8 KC=000 TO=0007
    |***?EOL_tester_function [STM8S_EOL]..................SP=17F6 KC=000 TO=0009
    |   |***?FLASH_EraseByte [STM8S_FLASH]................SP=17F0 KC=008 TO=000F
    |   |   |***[STM8S_FLASH].............................SP=17EE + ??? (unknown)
    |   |   |***[MV4_PG2BC]...............................SP=17EE + ??? (unknown)
    |***?wait_time [MAIN].................................SP=17F4 KC=002 TO=000B
    |   |***?Delay [MAIN].................................SP=17F2 KC=000 TO=000D
--------------------------------------------------------------------------------
?EEPROM_EEC_IRQHandler....................................SP=17F8 KC=000 TO=0007
--------------------------------------------------------------------------------
?UART1_TX_IRQHandler......................................SP=17F8 KC=000 TO=0007
--------------------------------------------------------------------------------
?UART1_RX_IRQHandler......................................SP=17F8 KC=000 TO=0007
================================================================================

MAX STACK LEVEL : 4
-------------------


----------------------
SUGGESTED OPTIMIZATION
----------------------
Warning: 108 (6CH) data bytes in the range [00H-FFH] are available for storage.
         Consider using some of these for 'page0' variables in your source files.


LINK/LOCATE RUN COMPLETE,  NO ERROR FOUND.